ARM Linker, 5.03 [Build 76] [MDK-ARM Lite]

==============================================================================

Section Cross References

    startup_lpc17xx.o(STACK) refers (Special) to heapauxi.o(.text) for __use_two_region_memory
    startup_lpc17xx.o(HEAP) refers (Special) to heapauxi.o(.text) for __use_two_region_memory
    startup_lpc17xx.o(RESET) refers (Special) to heapauxi.o(.text) for __use_two_region_memory
    startup_lpc17xx.o(RESET) refers to startup_lpc17xx.o(STACK) for __initial_sp
    startup_lpc17xx.o(RESET) refers to startup_lpc17xx.o(.text) for Reset_Handler
    startup_lpc17xx.o(RESET) refers to interrupciones.o(.text) for TIMER0_IRQHandler
    startup_lpc17xx.o(RESET) refers to uart.o(.text) for UART0_IRQHandler
    startup_lpc17xx.o(.ARM.__at_0x02FC) refers (Special) to heapauxi.o(.text) for __use_two_region_memory
    startup_lpc17xx.o(.text) refers (Special) to heapauxi.o(.text) for __use_two_region_memory
    startup_lpc17xx.o(.text) refers to system_lpc17xx.o(.text) for SystemInit
    startup_lpc17xx.o(.text) refers to __main.o(!!!main) for __main
    startup_lpc17xx.o(.text) refers to startup_lpc17xx.o(HEAP) for Heap_Mem
    startup_lpc17xx.o(.text) refers to startup_lpc17xx.o(STACK) for Stack_Mem
    system_lpc17xx.o(.text) refers to lludivv7m.o(.text) for __aeabi_uldivmod
    system_lpc17xx.o(.text) refers to system_lpc17xx.o(.data) for SystemCoreClock
    main.o(.text) refers to lcddriver.o(.text) for lcdInitDisplay
    main.o(.text) refers to configuraciones.o(.text) for config_pines
    main.o(.text) refers to funciones.o(.text) for genera_muestras
    main.o(.text) refers to uart.o(.text) for uart0_init
    main.o(.text) refers to strcmpv7m.o(.text) for strcmp
    main.o(.text) refers to main.o(.bss) for buffer
    main.o(.text) refers to main.o(.data) for ptr_rx
    main.o(.text) refers to main.o(.constdata) for .constdata
    configuraciones.o(.text) refers to i2c_lpc17xx.o(.text) for I2CSendAddr
    funciones.o(.text) refers to _printf_percent.o(.ARM.Collect$$_printf_percent$$00000000) for _printf_percent
    funciones.o(.text) refers to _printf_d.o(.ARM.Collect$$_printf_percent$$00000009) for _printf_d
    funciones.o(.text) refers to _printf_dec.o(.text) for _printf_int_dec
    funciones.o(.text) refers to _printf_f.o(.ARM.Collect$$_printf_percent$$00000003) for _printf_f
    funciones.o(.text) refers to printf1.o(x$fpl$printf1) for _printf_fp_dec
    funciones.o(.text) refers to _printf_pad.o(.text) for _printf_pre_padding
    funciones.o(.text) refers to dflt_clz.o(x$fpl$dfltu) for __aeabi_ui2d
    funciones.o(.text) refers to dmul.o(x$fpl$dmul) for __aeabi_dmul
    funciones.o(.text) refers to ddiv.o(x$fpl$ddiv) for __aeabi_ddiv
    funciones.o(.text) refers to daddsub_clz.o(x$fpl$dadd) for __aeabi_dadd
    funciones.o(.text) refers to dfixu.o(x$fpl$dfixu) for __aeabi_d2uiz
    funciones.o(.text) refers to sin.o(i.sin) for sin
    funciones.o(.text) refers to i2c_lpc17xx.o(.text) for I2CSendAddr
    funciones.o(.text) refers to fflt_clz.o(x$fpl$fflt) for __aeabi_i2f
    funciones.o(.text) refers to f2d.o(x$fpl$f2d) for __aeabi_f2d
    funciones.o(.text) refers to d2f.o(x$fpl$d2f) for __aeabi_d2f
    funciones.o(.text) refers to lcddriver.o(.text) for drawString
    funciones.o(.text) refers to noretval__2sprintf.o(.text) for __2sprintf
    funciones.o(.text) refers to uart.o(.text) for tx_cadena_UART0
    funciones.o(.text) refers to main.o(.bss) for muestras
    funciones.o(.text) refers to main.o(.data) for temp
    interrupciones.o(.text) refers to funciones.o(.text) for generar_pulso_alto
    interrupciones.o(.text) refers to fflt_clz.o(x$fpl$fflt) for __aeabi_i2f
    interrupciones.o(.text) refers to frleqf.o(x$fpl$frleqf) for __aeabi_cfrcmple
    interrupciones.o(.text) refers to f2d.o(x$fpl$f2d) for __aeabi_f2d
    interrupciones.o(.text) refers to ddiv.o(x$fpl$ddiv) for __aeabi_ddiv
    interrupciones.o(.text) refers to daddsub_clz.o(x$fpl$dsub) for __aeabi_dsub
    interrupciones.o(.text) refers to dfixu.o(x$fpl$dfixu) for __aeabi_d2uiz
    interrupciones.o(.text) refers to fflt_clz.o(x$fpl$ffltu) for __aeabi_ui2f
    interrupciones.o(.text) refers to dmul.o(x$fpl$dmul) for __aeabi_dmul
    interrupciones.o(.text) refers to daddsub_clz.o(x$fpl$dadd) for __aeabi_dadd
    interrupciones.o(.text) refers to d2f.o(x$fpl$d2f) for __aeabi_d2f
    interrupciones.o(.text) refers to dflt_clz.o(x$fpl$dfltu) for __aeabi_ui2d
    interrupciones.o(.text) refers to feqf.o(x$fpl$feqf) for __aeabi_cfcmpeq
    interrupciones.o(.text) refers to main.o(.data) for FLAG_ISP
    interrupciones.o(.text) refers to interrupciones.o(.data) for indice_muestra
    interrupciones.o(.text) refers to main.o(.bss) for muestras
    uart.o(.text) refers to main.o(.data) for ptr_rx
    uart.o(.text) refers to main.o(.bss) for buffer
    uart.o(.text) refers to system_lpc17xx.o(.data) for SystemCoreClock
    lcddriver.o(.text) refers to lpc17xx_gpio.o(.text) for FIO_SetValue
[...]
    defsig_segv_inner.o(.text) refers to defsig_general.o(.text) for __default_signal_display
    defsig_other.o(.text) refers to defsig_general.o(.text) for __default_signal_display


==============================================================================

Removing Unused input sections from the image.

    Removing system_lpc17xx.o(.rev16_text), (4 bytes).
    Removing system_lpc17xx.o(.revsh_text), (4 bytes).
    Removing main.o(.rev16_text), (4 bytes).
    Removing main.o(.revsh_text), (4 bytes).
    Removing i2c_lpc17xx.o(.rev16_text), (4 bytes).
    Removing i2c_lpc17xx.o(.revsh_text), (4 bytes).
    Removing configuraciones.o(.rev16_text), (4 bytes).
    Removing configuraciones.o(.revsh_text), (4 bytes).
    Removing funciones.o(.rev16_text), (4 bytes).
    Removing funciones.o(.revsh_text), (4 bytes).
    Removing interrupciones.o(.rev16_text), (4 bytes).
    Removing interrupciones.o(.revsh_text), (4 bytes).
    Removing uart.o(.rev16_text), (4 bytes).
    Removing uart.o(.revsh_text), (4 bytes).
    Removing lcddriver.o(.rev16_text), (4 bytes).
    Removing lcddriver.o(.revsh_text), (4 bytes).
    Removing lpc17xx_clkpwr.o(.rev16_text), (4 bytes).
    Removing lpc17xx_clkpwr.o(.revsh_text), (4 bytes).
    Removing lpc17xx_gpio.o(.rev16_text), (4 bytes).
    Removing lpc17xx_gpio.o(.revsh_text), (4 bytes).

20 unused section(s) (total 80 bytes) removed from the image.

==============================================================================

Image Symbol Table

    Local Symbols

    Symbol Name                              Value     Ov Type        Size  Object(Section)

    RESET                                    0x00000000   Section      204  startup_lpc17xx.o(RESET)
    ../clib/angel/boardlib.s                 0x00000000   Number         0  boardinit3.o ABSOLUTE
    ../clib/angel/boardlib.s                 0x00000000   Number         0  boardinit1.o ABSOLUTE
    ../clib/angel/boardlib.s                 0x00000000   Number         0  boardinit2.o ABSOLUTE
    ../clib/angel/boardlib.s                 0x00000000   Number         0  boardshut.o ABSOLUTE
    ../clib/angel/handlers.s                 0x00000000   Number         0  __scatter_zi.o ABSOLUTE
    ../clib/angel/handlers.s                 0x00000000   Number         0  __scatter_copy.o ABSOLUTE
    ../clib/angel/kernel.s                   0x00000000   Number         0  rtexit.o ABSOLUTE
    ../clib/angel/kernel.s                   0x00000000   Number         0  rtentry4.o ABSOLUTE
    ../clib/angel/kernel.s                   0x00000000   Number         0  rtentry2.o ABSOLUTE
    ../clib/angel/kernel.s                   0x00000000   Number         0  rtentry.o ABSOLUTE
    ../clib/angel/kernel.s                   0x00000000   Number         0  rtexit2.o ABSOLUTE
    ../clib/angel/rt.s                       0x00000000   Number         0  rt_div0.o ABSOLUTE
    ../clib/angel/rt.s                       0x00000000   Number         0  aeabi_ldiv0_sigfpe.o ABSOLUTE
    ../clib/angel/rt.s                       0x00000000   Number         0  aeabi_ldiv0.o ABSOLUTE
    ../clib/angel/rt.s                       0x00000000   Number         0  rt_errno_addr.o ABSOLUTE
    ../clib/angel/rt.s                       0x00000000   Number         0  rt_locale.o ABSOLUTE
    ../clib/angel/rt.s                       0x00000000   Number         0  rt_errno_addr_intlibspace.o ABSOLUTE
    ../clib/angel/rt.s                       0x00000000   Number         0  rt_raise.o ABSOLUTE
    ../clib/angel/rt.s                       0x00000000   Number         0  rt_locale_intlibspace.o ABSOLUTE
    ../clib/angel/scatter.s                  0x00000000   Number         0  __scatter.o ABSOLUTE
    ../clib/angel/startup.s                  0x00000000   Number         0  __main.o ABSOLUTE
    ../clib/angel/sys.s                      0x00000000   Number         0  libspace.o ABSOLUTE
    ../clib/angel/sys.s                      0x00000000   Number         0  indicate_semi.o ABSOLUTE
    ../clib/angel/sys.s                      0x00000000   Number         0  sys_stackheap_outer.o ABSOLUTE
    ../clib/angel/sys.s                      0x00000000   Number         0  use_no_semi.o ABSOLUTE
    ../clib/angel/sysapp.c                   0x00000000   Number         0  sys_exit.o ABSOLUTE
    ../clib/angel/sysapp.c                   0x00000000   Number         0  sys_wrch.o ABSOLUTE
    ../clib/angel/sysapp.c                   0x00000000   Number         0  sys_command.o ABSOLUTE
    ../clib/armsys.c                         0x00000000   Number         0  _get_argv_nomalloc.o ABSOLUTE
    ../clib/armsys.c                         0x00000000   Number         0  argv_veneer.o ABSOLUTE
    ../clib/armsys.c                         0x00000000   Number         0  no_argv.o ABSOLUTE
    ../clib/armsys.c                         0x00000000   Number         0  argv_veneer.o ABSOLUTE
    ../clib/bigflt.c                         0x00000000   Number         0  bigflt0.o ABSOLUTE
    ../clib/btod.s                           0x00000000   Number         0  btod.o ABSOLUTE
    ../clib/fenv.c                           0x00000000   Number         0  _rserrno.o ABSOLUTE
    ../clib/heapalloc.c                      0x00000000   Number         0  hrguard.o ABSOLUTE
    ../clib/heapaux.c                        0x00000000   Number         0  heapauxi.o ABSOLUTE
    ../clib/libinit.s                        0x00000000   Number         0  libshutdown2.o ABSOLUTE
    ../clib/libinit.s                        0x00000000   Number         0  libinit.o ABSOLUTE
    ../clib/libinit.s                        0x00000000   Number         0  libshutdown.o ABSOLUTE
    ../clib/libinit.s                        0x00000000   Number         0  libinit2.o ABSOLUTE
    ../clib/locale.s                         0x00000000   Number         0  lc_numeric_c.o ABSOLUTE
    ../clib/longlong.s                       0x00000000   Number         0  lludivv7m.o ABSOLUTE
    ../clib/longlong.s                       0x00000000   Number         0  lludiv10.o ABSOLUTE
    ../clib/memcpset.s                       0x00000000   Number         0  strcmpv7m.o ABSOLUTE
    ../clib/misc.s                           0x00000000   Number         0  printf_stubs.o ABSOLUTE
    ../clib/printf.c                         0x00000000   Number         0  __printf_flags.o ABSOLUTE
    ../clib/printf.c                         0x00000000   Number         0  __printf_ss.o ABSOLUTE
    ../clib/printf.c                         0x00000000   Number         0  __printf_flags_ss.o ABSOLUTE
    ../clib/printf.c                         0x00000000   Number         0  __printf_wp.o ABSOLUTE
    ../clib/printf.c                         0x00000000   Number         0  _printf_intcommon.o ABSOLUTE
    ../clib/printf.c                         0x00000000   Number         0  _printf_fp_dec.o ABSOLUTE
    ../clib/printf.c                         0x00000000   Number         0  _printf_fp_infnan.o ABSOLUTE
    ../clib/printf.c                         0x00000000   Number         0  _printf_char_common.o ABSOLUTE
    ../clib/printf.c                         0x00000000   Number         0  __printf_flags_ss_wp.o ABSOLUTE
    ../clib/printf.c                         0x00000000   Number         0  __printf_nopercent.o ABSOLUTE
    ../clib/printf.c                         0x00000000   Number         0  _sputc.o ABSOLUTE
    ../clib/printf.c                         0x00000000   Number         0  _printf_dec.o ABSOLUTE
    ../clib/printf.c                         0x00000000   Number         0  __printf_flags_wp.o ABSOLUTE
    ../clib/printf.c                         0x00000000   Number         0  __printf_ss_wp.o ABSOLUTE
    ../clib/printf.c                         0x00000000   Number         0  noretval__2sprintf.o ABSOLUTE
    ../clib/printf.c                         0x00000000   Number         0  __printf.o ABSOLUTE
    ../clib/printf.c                         0x00000000   Number         0  _printf_pad.o ABSOLUTE
    ../clib/printf.c                         0x00000000   Number         0  __2sprintf.o ABSOLUTE
    ../clib/printf_percent.s                 0x00000000   Number         0  _printf_percent.o ABSOLUTE
    ../clib/printf_percent.s                 0x00000000   Number         0  _printf_d.o ABSOLUTE
    ../clib/printf_percent.s                 0x00000000   Number         0  _printf_percent_end.o ABSOLUTE
    ../clib/printf_percent.s                 0x00000000   Number         0  _printf_f.o ABSOLUTE
    ../clib/signal.c                         0x00000000   Number         0  defsig_fpe_outer.o ABSOLUTE
    ../clib/signal.c                         0x00000000   Number         0  defsig_fpe_formal.o ABSOLUTE
    ../clib/signal.c                         0x00000000   Number         0  defsig_rtred_inner.o ABSOLUTE
    ../clib/signal.c                         0x00000000   Number         0  defsig_rtmem_formal.o ABSOLUTE
    ../clib/signal.c                         0x00000000   Number         0  defsig_rtmem_outer.o ABSOLUTE
    ../clib/signal.c                         0x00000000   Number         0  defsig_abrt_inner.o ABSOLUTE
    ../clib/signal.c                         0x00000000   Number         0  defsig_rtmem_inner.o ABSOLUTE
    ../clib/signal.c                         0x00000000   Number         0  defsig_stak_inner.o ABSOLUTE
    ../clib/signal.c                         0x00000000   Number         0  defsig_general.o ABSOLUTE
    ../clib/signal.c                         0x00000000   Number         0  defsig_exit.o ABSOLUTE
    ../clib/signal.c                         0x00000000   Number         0  __raise.o ABSOLUTE
    ../clib/signal.c                         0x00000000   Number         0  defsig_other.o ABSOLUTE
    ../clib/signal.c                         0x00000000   Number         0  defsig_segv_inner.o ABSOLUTE
    ../clib/signal.c                         0x00000000   Number         0  defsig_pvfn_inner.o ABSOLUTE
    ../clib/signal.c                         0x00000000   Number         0  defsig_fpe_inner.o ABSOLUTE
    ../clib/signal.c                         0x00000000   Number         0  defsig_cppl_inner.o ABSOLUTE
    ../clib/signal.s                         0x00000000   Number         0  defsig.o ABSOLUTE
    ../clib/stdlib.c                         0x00000000   Number         0  exit.o ABSOLUTE
    ../fplib/d2f.s                           0x00000000   Number         0  d2f.o ABSOLUTE
    ../fplib/daddsub.s                       0x00000000   Number         0  daddsub_clz.o ABSOLUTE
    ../fplib/dcheck1.s                       0x00000000   Number         0  dcheck1.o ABSOLUTE
    ../fplib/ddiv.s                          0x00000000   Number         0  ddiv.o ABSOLUTE
    ../fplib/dfix.s                          0x00000000   Number         0  dfix.o ABSOLUTE
    ../fplib/dfixu.s                         0x00000000   Number         0  dfixu.o ABSOLUTE
    ../fplib/dflt.s                          0x00000000   Number         0  dflt_clz.o ABSOLUTE
    ../fplib/dmul.s                          0x00000000   Number         0  dmul.o ABSOLUTE
    ../fplib/dnaninf.s                       0x00000000   Number         0  dnaninf.o ABSOLUTE
    ../fplib/dretinf.s                       0x00000000   Number         0  dretinf.o ABSOLUTE
    ../fplib/f2d.s                           0x00000000   Number         0  f2d.o ABSOLUTE
    ../fplib/fcmpi.s                         0x00000000   Number         0  fcmpi.o ABSOLUTE
    ../fplib/feqf.s                          0x00000000   Number         0  feqf.o ABSOLUTE
    ../fplib/fflt.s                          0x00000000   Number         0  fflt_clz.o ABSOLUTE
    ../fplib/fleqf.s                         0x00000000   Number         0  fleqf.o ABSOLUTE
    ../fplib/fnaninf.s                       0x00000000   Number         0  fnaninf.o ABSOLUTE
    ../fplib/fpinit.s                        0x00000000   Number         0  fpinit.o ABSOLUTE
    ../fplib/fretinf.s                       0x00000000   Number         0  fretinf.o ABSOLUTE
    ../fplib/frleqf.s                        0x00000000   Number         0  frleqf.o ABSOLUTE
    ../fplib/istatus.s                       0x00000000   Number         0  istatus.o ABSOLUTE
    ../fplib/printf1.s                       0x00000000   Number         0  printf1.o ABSOLUTE
    ../fplib/retnan.s                        0x00000000   Number         0  retnan.o ABSOLUTE
    ../fplib/scalbn.s                        0x00000000   Number         0  scalbn.o ABSOLUTE
    ../fplib/trapv.s                         0x00000000   Number         0  trapv.o ABSOLUTE
    ../fplib/usenofp.s                       0x00000000   Number         0  usenofp.o ABSOLUTE
    ../mathlib/cos_i.c                       0x00000000   Number         0  cos_i.o ABSOLUTE
    ../mathlib/dunder.c                      0x00000000   Number         0  dunder.o ABSOLUTE
    ../mathlib/fpclassify.c                  0x00000000   Number         0  fpclassify.o ABSOLUTE
    ../mathlib/poly.c                        0x00000000   Number         0  poly.o ABSOLUTE
    ../mathlib/rred.c                        0x00000000   Number         0  rred.o ABSOLUTE
    ../mathlib/sin.c                         0x00000000   Number         0  sin.o ABSOLUTE
    ../mathlib/sin.c                         0x00000000   Number         0  sin_x.o ABSOLUTE
    ../mathlib/sin_i.c                       0x00000000   Number         0  sin_i_x.o ABSOLUTE
    ../mathlib/sin_i.c                       0x00000000   Number         0  sin_i.o ABSOLUTE
    configuraciones.c                        0x00000000   Number         0  configuraciones.o ABSOLUTE
    configuraciones.c                        0x00000000   Number         0  configuraciones.o ABSOLUTE
    dc.s                                     0x00000000   Number         0  dc.o ABSOLUTE
    font.c                                   0x00000000   Number         0  font.o ABSOLUTE
    funciones.c                              0x00000000   Number         0  funciones.o ABSOLUTE
    funciones.c                              0x00000000   Number         0  funciones.o ABSOLUTE
    i2c_lpc17xx.c                            0x00000000   Number         0  i2c_lpc17xx.o ABSOLUTE
    i2c_lpc17xx.c                            0x00000000   Number         0  i2c_lpc17xx.o ABSOLUTE
    interrupciones.c                         0x00000000   Number         0  interrupciones.o ABSOLUTE
    interrupciones.c                         0x00000000   Number         0  interrupciones.o ABSOLUTE
    lcddriver.c                              0x00000000   Number         0  lcddriver.o ABSOLUTE
    lcddriver.c                              0x00000000   Number         0  lcddriver.o ABSOLUTE
    lpc17xx_clkpwr.c                         0x00000000   Number         0  lpc17xx_clkpwr.o ABSOLUTE
    lpc17xx_clkpwr.c                         0x00000000   Number         0  lpc17xx_clkpwr.o ABSOLUTE
    lpc17xx_gpio.c                           0x00000000   Number         0  lpc17xx_gpio.o ABSOLUTE
    lpc17xx_gpio.c                           0x00000000   Number         0  lpc17xx_gpio.o ABSOLUTE
    main.c                                   0x00000000   Number         0  main.o ABSOLUTE
    main.c                                   0x00000000   Number         0  main.o ABSOLUTE
    startup_LPC17xx.s                        0x00000000   Number         0  startup_lpc17xx.o ABSOLUTE
    system_LPC17xx.c                         0x00000000   Number         0  system_lpc17xx.o ABSOLUTE
    system_LPC17xx.c                         0x00000000   Number         0  system_lpc17xx.o ABSOLUTE
    uart.c                                   0x00000000   Number         0  uart.o ABSOLUTE
    uart.c                                   0x00000000   Number         0  uart.o ABSOLUTE
    !!!main                                  0x000000cc   Section        8  __main.o(!!!main)
    !!!scatter                               0x000000d4   Section       52  __scatter.o(!!!scatter)
    !!handler_copy                           0x00000108   Section       26  __scatter_copy.o(!!handler_copy)
    !!handler_zi                             0x00000124   Section       28  __scatter_zi.o(!!handler_zi)
    .ARM.Collect$$_printf_percent$$00000000  0x00000140   Section        0  _printf_percent.o(.ARM.Collect$$_printf_percent$$00000000)
    .ARM.Collect$$_printf_percent$$00000003  0x00000140   Section        6  _printf_f.o(.ARM.Collect$$_printf_percent$$00000003)
    .ARM.Collect$$_printf_percent$$00000009  0x00000146   Section        6  _printf_d.o(.ARM.Collect$$_printf_percent$$00000009)
    .ARM.Collect$$_printf_percent$$00000017  0x0000014c   Section        4  _printf_percent_end.o(.ARM.Collect$$_printf_percent$$00000017)
    .ARM.Collect$$libinit$$00000000          0x00000150   Section        2  libinit.o(.ARM.Collect$$libinit$$00000000)
    .ARM.Collect$$libinit$$00000002          0x00000152   Section        0  libinit2.o(.ARM.Collect$$libinit$$00000002)
    .ARM.Collect$$libinit$$00000008          0x00000152   Section        0  libinit2.o(.ARM.Collect$$libinit$$00000008)
    .ARM.Collect$$libinit$$0000000A          0x00000152   Section        0  libinit2.o(.ARM.Collect$$libinit$$0000000A)
    .ARM.Collect$$libinit$$0000000C          0x00000152   Section        0  libinit2.o(.ARM.Collect$$libinit$$0000000C)
    .ARM.Collect$$libinit$$0000000D          0x00000152   Section        6  libinit2.o(.ARM.Collect$$libinit$$0000000D)
    .ARM.Collect$$libinit$$0000000F          0x00000158   Section        0  libinit2.o(.ARM.Collect$$libinit$$0000000F)
    .ARM.Collect$$libinit$$00000011          0x00000158   Section        0  libinit2.o(.ARM.Collect$$libinit$$00000011)
    .ARM.Collect$$libinit$$00000013          0x00000158   Section        0  libinit2.o(.ARM.Collect$$libinit$$00000013)
    .ARM.Collect$$libinit$$00000014          0x00000158   Section       10  libinit2.o(.ARM.Collect$$libinit$$00000014)
    .ARM.Collect$$libinit$$00000015          0x00000162   Section        0  libinit2.o(.ARM.Collect$$libinit$$00000015)
    .ARM.Collect$$libinit$$00000017          0x00000162   Section        0  libinit2.o(.ARM.Collect$$libinit$$00000017)
    .ARM.Collect$$libinit$$00000019          0x00000162   Section        0  libinit2.o(.ARM.Collect$$libinit$$00000019)
    .ARM.Collect$$libinit$$0000001B          0x00000162   Section        0  libinit2.o(.ARM.Collect$$libinit$$0000001B)
    .ARM.Collect$$libinit$$0000001D          0x00000162   Section        0  libinit2.o(.ARM.Collect$$libinit$$0000001D)
    .ARM.Collect$$libinit$$0000001F          0x00000162   Section        0  libinit2.o(.ARM.Collect$$libinit$$0000001F)
    .ARM.Collect$$libinit$$00000021          0x00000162   Section        0  libinit2.o(.ARM.Collect$$libinit$$00000021)
    .ARM.Collect$$libinit$$00000023          0x00000162   Section        0  libinit2.o(.ARM.Collect$$libinit$$00000023)
    .ARM.Collect$$libinit$$0000002A          0x00000162   Section        0  libinit2.o(.ARM.Collect$$libinit$$0000002A)
    .ARM.Collect$$libinit$$0000002C          0x00000162   Section        0  libinit2.o(.ARM.Collect$$libinit$$0000002C)
    .ARM.Collect$$libinit$$0000002E          0x00000162   Section        0  libinit2.o(.ARM.Collect$$libinit$$0000002E)
    .ARM.Collect$$libinit$$00000030          0x00000162   Section        0  libinit2.o(.ARM.Collect$$libinit$$00000030)
    .ARM.Collect$$libinit$$00000031          0x00000162   Section        2  libinit2.o(.ARM.Collect$$libinit$$00000031)
    .ARM.Collect$$libshutdown$$00000000      0x00000164   Section        2  libshutdown.o(.ARM.Collect$$libshutdown$$00000000)
    .ARM.Collect$$libshutdown$$00000003      0x00000166   Section        0  libshutdown2.o(.ARM.Collect$$libshutdown$$00000003)
    .ARM.Collect$$libshutdown$$00000006      0x00000166   Section        0  libshutdown2.o(.ARM.Collect$$libshutdown$$00000006)
    .ARM.Collect$$libshutdown$$00000009      0x00000166   Section        0  libshutdown2.o(.ARM.Collect$$libshutdown$$00000009)
    .ARM.Collect$$libshutdown$$0000000B      0x00000166   Section        0  libshutdown2.o(.ARM.Collect$$libshutdown$$0000000B)
    .ARM.Collect$$libshutdown$$0000000E      0x00000166   Section        0  libshutdown2.o(.ARM.Collect$$libshutdown$$0000000E)
    .ARM.Collect$$libshutdown$$0000000F      0x00000166   Section        2  libshutdown2.o(.ARM.Collect$$libshutdown$$0000000F)
    .ARM.Collect$$rtentry$$00000000          0x00000168   Section        0  rtentry.o(.ARM.Collect$$rtentry$$00000000)
    .ARM.Collect$$rtentry$$00000002          0x00000168   Section        0  rtentry2.o(.ARM.Collect$$rtentry$$00000002)
    .ARM.Collect$$rtentry$$00000004          0x00000168   Section        6  rtentry4.o(.ARM.Collect$$rtentry$$00000004)
    .ARM.Collect$$rtentry$$00000009          0x0000016e   Section        0  rtentry2.o(.ARM.Collect$$rtentry$$00000009)
    .ARM.Collect$$rtentry$$0000000A          0x0000016e   Section        4  rtentry2.o(.ARM.Collect$$rtentry$$0000000A)
    .ARM.Collect$$rtentry$$0000000C          0x00000172   Section        0  rtentry2.o(.ARM.Collect$$rtentry$$0000000C)
    .ARM.Collect$$rtentry$$0000000D          0x00000172   Section        8  rtentry2.o(.ARM.Collect$$rtentry$$0000000D)
    .ARM.Collect$$rtexit$$00000000           0x0000017a   Section        2  rtexit.o(.ARM.Collect$$rtexit$$00000000)
    .ARM.Collect$$rtexit$$00000002           0x0000017c   Section        0  rtexit2.o(.ARM.Collect$$rtexit$$00000002)
    .ARM.Collect$$rtexit$$00000003           0x0000017c   Section        4  rtexit2.o(.ARM.Collect$$rtexit$$00000003)
    .ARM.Collect$$rtexit$$00000004           0x00000180   Section        6  rtexit2.o(.ARM.Collect$$rtexit$$00000004)
    .text                                    0x00000188   Section       60  startup_lpc17xx.o(.text)
    .text                                    0x000001c4   Section      238  lludivv7m.o(.text)
    .text                                    0x000002b4   Section        0  noretval__2sprintf.o(.text)
    .text                                    0x000002dc   Section        0  heapauxi.o(.text)
    .text                                    0x000002e2   Section        0  _rserrno.o(.text)
    .text                                    0x000002f8   Section        2  use_no_semi.o(.text)
    .text                                    0x000002fa   Section        0  indicate_semi.o(.text)
    x$fpl$usenofp                            0x000002fa   Section        0  usenofp.o(x$fpl$usenofp)
    .ARM.__at_0x02FC                         0x000002fc   Section        4  startup_lpc17xx.o(.ARM.__at_0x02FC)
    .text                                    0x00000300   Section        0  system_lpc17xx.o(.text)
    .text                                    0x00000618   Section        0  main.o(.text)
    .text                                    0x000010a8   Section        0  i2c_lpc17xx.o(.text)
    .text                                    0x000011e8   Section        0  configuraciones.o(.text)
    NVIC_SetPriority                         0x000011e9   Thumb Code    32  configuraciones.o(.text)
    NVIC_EnableIRQ                           0x00001475   Thumb Code    24  configuraciones.o(.text)
    .text                                    0x000014d4   Section        0  funciones.o(.text)
    .text                                    0x00001908   Section        0  interrupciones.o(.text)
    .text                                    0x00001c9c   Section        0  uart.o(.text)
    uart0_set_baudrate                       0x00001d2b   Thumb Code   250  uart.o(.text)
    .text                                    0x00001e90   Section        0  lcddriver.o(.text)
    .text                                    0x00002874   Section        0  lpc17xx_clkpwr.o(.text)
    .text                                    0x000029c4   Section        0  lpc17xx_gpio.o(.text)
    GPIO_GetPointer                          0x000029c5   Thumb Code    52  lpc17xx_gpio.o(.text)
    FIO_HalfWordGetPointer                   0x000029f9   Thumb Code    52  lpc17xx_gpio.o(.text)
    FIO_ByteGetPointer                       0x00002a2d   Thumb Code    52  lpc17xx_gpio.o(.text)
    .text                                    0x00002de8   Section        0  _printf_pad.o(.text)
    .text                                    0x00002e3c   Section        0  _printf_dec.o(.text)
    .text                                    0x00002eb4   Section        0  __printf_wp.o(.text)
    .text                                    0x00002fc4   Section      128  strcmpv7m.o(.text)
    .text                                    0x00003044   Section        0  _printf_intcommon.o(.text)
    .text                                    0x000030fc   Section        0  _printf_fp_dec.o(.text)
    _fp_digits                               0x000030ff   Thumb Code   426  _printf_fp_dec.o(.text)
    .text                                    0x0000351c   Section        0  _printf_char_common.o(.text)
    _printf_input_char                       0x0000351d   Thumb Code    10  _printf_char_common.o(.text)
    .text                                    0x0000354c   Section        0  _sputc.o(.text)
    .text                                    0x00003558   Section        8  rt_locale_intlibspace.o(.text)
    .text                                    0x00003560   Section        8  rt_errno_addr_intlibspace.o(.text)
    .text                                    0x00003568   Section      138  lludiv10.o(.text)
    .text                                    0x000035f4   Section        0  _printf_fp_infnan.o(.text)
    .text                                    0x00003674   Section        0  bigflt0.o(.text)
    .text                                    0x00003758   Section        8  libspace.o(.text)
    .text                                    0x00003760   Section       74  sys_stackheap_outer.o(.text)
    .text                                    0x000037aa   Section        0  exit.o(.text)
    .text                                    0x000037b8   Section        0  sys_exit.o(.text)
    CL$$btod_d2e                             0x000037c4   Section       62  btod.o(CL$$btod_d2e)
    CL$$btod_d2e_denorm_low                  0x00003802   Section       70  btod.o(CL$$btod_d2e_denorm_low)
    CL$$btod_d2e_norm_op1                    0x00003848   Section       96  btod.o(CL$$btod_d2e_norm_op1)
    CL$$btod_div_common                      0x000038a8   Section      824  btod.o(CL$$btod_div_common)
    CL$$btod_e2e                             0x00003be0   Section      198  btod.o(CL$$btod_e2e)
    CL$$btod_ediv                            0x00003ca6   Section       40  btod.o(CL$$btod_ediv)
    CL$$btod_emul                            0x00003cce   Section       40  btod.o(CL$$btod_emul)
    CL$$btod_mult_common                     0x00003cf6   Section      580  btod.o(CL$$btod_mult_common)
    i.__ARM_fpclassify                       0x00003f3a   Section        0  fpclassify.o(i.__ARM_fpclassify)
    i.__ieee754_rem_pio2                     0x00003f64   Section        0  rred.o(i.__ieee754_rem_pio2)
    i.__kernel_cos                           0x000042ec   Section        0  cos_i.o(i.__kernel_cos)
    i.__kernel_poly                          0x000043e8   Section        0  poly.o(i.__kernel_poly)
    i.__kernel_sin                           0x00004494   Section        0  sin_i.o(i.__kernel_sin)
    i.__mathlib_dbl_underflow                0x00004580   Section        0  dunder.o(i.__mathlib_dbl_underflow)
    i._is_digit                              0x00004590   Section        0  __printf_wp.o(i._is_digit)
    i.sin                                    0x000045a0   Section        0  sin.o(i.sin)
    locale$$code                             0x00004650   Section       44  lc_numeric_c.o(locale$$code)
    x$fpl$d2f                                0x0000467c   Section       98  d2f.o(x$fpl$d2f)
    x$fpl$dadd                               0x000046e0   Section      336  daddsub_clz.o(x$fpl$dadd)
    _dadd1                                   0x000046f1   Thumb Code     0  daddsub_clz.o(x$fpl$dadd)
    x$fpl$dcheck1                            0x00004830   Section       16  dcheck1.o(x$fpl$dcheck1)
    x$fpl$ddiv                               0x00004840   Section      688  ddiv.o(x$fpl$ddiv)
    ddiv_entry                               0x00004847   Thumb Code     0  ddiv.o(x$fpl$ddiv)
    x$fpl$dfix                               0x00004af0   Section       94  dfix.o(x$fpl$dfix)
    x$fpl$dfixu                              0x00004b50   Section       90  dfixu.o(x$fpl$dfixu)
    x$fpl$dflt                               0x00004baa   Section       46  dflt_clz.o(x$fpl$dflt)
    x$fpl$dfltu                              0x00004bd8   Section       38  dflt_clz.o(x$fpl$dfltu)
    x$fpl$dmul                               0x00004c00   Section      340  dmul.o(x$fpl$dmul)
    x$fpl$dnaninf                            0x00004d54   Section      156  dnaninf.o(x$fpl$dnaninf)
    x$fpl$dretinf                            0x00004df0   Section       12  dretinf.o(x$fpl$dretinf)
    x$fpl$drsb                               0x00004dfc   Section       22  daddsub_clz.o(x$fpl$drsb)
    x$fpl$dsub                               0x00004e14   Section      468  daddsub_clz.o(x$fpl$dsub)
    _dsub1                                   0x00004e25   Thumb Code     0  daddsub_clz.o(x$fpl$dsub)
    x$fpl$f2d                                0x00004fe8   Section       86  f2d.o(x$fpl$f2d)
    x$fpl$fcmpinf                            0x0000503e   Section       24  fcmpi.o(x$fpl$fcmpinf)
    x$fpl$feqf                               0x00005058   Section      104  feqf.o(x$fpl$feqf)
    x$fpl$fflt                               0x000050c0   Section       48  fflt_clz.o(x$fpl$fflt)
    x$fpl$ffltu                              0x000050f0   Section       38  fflt_clz.o(x$fpl$ffltu)
    x$fpl$fleqf                              0x00005118   Section      104  fleqf.o(x$fpl$fleqf)
    x$fpl$fnaninf                            0x00005180   Section      140  fnaninf.o(x$fpl$fnaninf)
    x$fpl$fretinf                            0x0000520c   Section       10  fretinf.o(x$fpl$fretinf)
    x$fpl$frleqf                             0x00005216   Section       98  frleqf.o(x$fpl$frleqf)
    x$fpl$printf1                            0x00005278   Section        4  printf1.o(x$fpl$printf1)
    x$fpl$retnan                             0x0000527c   Section      100  retnan.o(x$fpl$retnan)
    x$fpl$scalbn                             0x000052e0   Section       92  scalbn.o(x$fpl$scalbn)
    x$fpl$trapveneer                         0x0000533c   Section       48  trapv.o(x$fpl$trapveneer)
    .constdata                               0x0000536c   Section      204  main.o(.constdata)
    .constdata                               0x00005438   Section     6984  font.o(.constdata)
    .constdata                               0x00006f80   Section      228  lcddriver.o(.constdata)
    regValues                                0x00006f98   Data         204  lcddriver.o(.constdata)
    .constdata                               0x00007068   Section       48  cos_i.o(.constdata)
    C                                        0x00007068   Data          48  cos_i.o(.constdata)
    .constdata                               0x00007098   Section      200  rred.o(.constdata)
    pio2s                                    0x00007098   Data          48  rred.o(.constdata)
    twooverpi                                0x000070c8   Data         152  rred.o(.constdata)
    .constdata                               0x00007160   Section       40  sin_i.o(.constdata)
    S                                        0x00007160   Data          40  sin_i.o(.constdata)
    .constdata                               0x00007188   Section      148  bigflt0.o(.constdata)
    tenpwrs_x                                0x00007188   Data          60  bigflt0.o(.constdata)
    tenpwrs_i                                0x000071c4   Data          64  bigflt0.o(.constdata)
    locale$$data                             0x0000723c   Section       28  lc_numeric_c.o(locale$$data)
    __lcnum_c_name                           0x00007240   Data           2  lc_numeric_c.o(locale$$data)
    __lcnum_c_start                          0x00007248   Data           0  lc_numeric_c.o(locale$$data)
    __lcnum_c_point                          0x00007254   Data           0  lc_numeric_c.o(locale$$data)
    __lcnum_c_thousands                      0x00007256   Data           0  lc_numeric_c.o(locale$$data)
    __lcnum_c_grouping                       0x00007257   Data           0  lc_numeric_c.o(locale$$data)
    __lcnum_c_end                            0x00007258   Data           0  lc_numeric_c.o(locale$$data)
    .data                                    0x10000000   Section        4  system_lpc17xx.o(.data)
    .data                                    0x10000004   Section       85  main.o(.data)
    .data                                    0x10000059   Section        1  interrupciones.o(.data)
    indice_muestra                           0x10000059   Data           1  interrupciones.o(.data)
    .data                                    0x1000005a   Section        5  lcddriver.o(.data)
    .bss                                     0x10000060   Section       94  main.o(.bss)
    .bss                                     0x100000c0   Section       96  libspace.o(.bss)
    HEAP                                     0x10000120   Section        0  startup_lpc17xx.o(HEAP)
    STACK                                    0x10000120   Section      512  startup_lpc17xx.o(STACK)
    Heap_Mem                                 0x10000120   Data           0  startup_lpc17xx.o(HEAP)
    Stack_Mem                                0x10000120   Data         512  startup_lpc17xx.o(STACK)
    __initial_sp                             0x10000320   Data           0  startup_lpc17xx.o(STACK)

    Global Symbols

    Symbol Name                              Value     Ov Type        Size  Object(Section)

    BuildAttributes$$THM_ISAv4$P$D$K$B$S$PE$A:L22UL41UL21$X:L11$S22US41US21$IEEE1$IW$USESV6$~STKCKD$USESV7$~SHL$OTIME$ROPI$IEEEX$EBA8$UX$STANDARDLIB$REQ8$PRES8$EABIv2 0x00000000   Number         0  anon$$obj.o ABSOLUTE
    __ARM_use_no_argv                        0x00000000   Number         0  main.o ABSOLUTE
    __Vectors                                0x00000000   Data           4  startup_lpc17xx.o(RESET)
    _printf_flags                            0x00000000   Number         0  printf_stubs.o ABSOLUTE
    _printf_return_value                     0x00000000   Number         0  printf_stubs.o ABSOLUTE
    _printf_sizespec                         0x00000000   Number         0  printf_stubs.o ABSOLUTE
    _printf_widthprec                        0x00000000   Number         0  printf_stubs.o ABSOLUTE
    __ARM_exceptions_init                     - Undefined Weak Reference
    __alloca_initialize                       - Undefined Weak Reference
    __cpp_initialize__aeabi_                  - Undefined Weak Reference
    __cxa_finalize                            - Undefined Weak Reference
    __sigvec_lookup                           - Undefined Weak Reference
    _atexit_init                              - Undefined Weak Reference
    _call_atexit_fns                          - Undefined Weak Reference
    _clock_init                               - Undefined Weak Reference
    _fp_trap_init                             - Undefined Weak Reference
    _fp_trap_shutdown                         - Undefined Weak Reference
    _get_lc_collate                           - Undefined Weak Reference
    _get_lc_ctype                             - Undefined Weak Reference
    _get_lc_monetary                          - Undefined Weak Reference
    _get_lc_time                              - Undefined Weak Reference
    _getenv_init                              - Undefined Weak Reference
    _handle_redirection                       - Undefined Weak Reference
    _init_alloc                               - Undefined Weak Reference
    _init_user_alloc                          - Undefined Weak Reference
    _initio                                   - Undefined Weak Reference
    _printf_truncate_signed                   - Undefined Weak Reference
    _printf_truncate_unsigned                 - Undefined Weak Reference
    _rand_init                                - Undefined Weak Reference
    _signal_finish                            - Undefined Weak Reference
    _signal_init                              - Undefined Weak Reference
    _terminate_alloc                          - Undefined Weak Reference
    _terminate_user_alloc                     - Undefined Weak Reference
    _terminateio                              - Undefined Weak Reference
    __main                                   0x000000cd   Thumb Code     8  __main.o(!!!main)
    __scatterload                            0x000000d5   Thumb Code     0  __scatter.o(!!!scatter)
    __scatterload_rt2                        0x000000d5   Thumb Code    44  __scatter.o(!!!scatter)
    __scatterload_rt2_thumb_only             0x000000d5   Thumb Code     0  __scatter.o(!!!scatter)
    __scatterload_null                       0x000000e3   Thumb Code     0  __scatter.o(!!!scatter)
    __scatterload_copy                       0x00000109   Thumb Code    26  __scatter_copy.o(!!handler_copy)
    __scatterload_zeroinit                   0x00000125   Thumb Code    28  __scatter_zi.o(!!handler_zi)
    _printf_f                                0x00000141   Thumb Code     0  _printf_f.o(.ARM.Collect$$_printf_percent$$00000003)
    _printf_percent                          0x00000141   Thumb Code     0  _printf_percent.o(.ARM.Collect$$_printf_percent$$00000000)
    _printf_d                                0x00000147   Thumb Code     0  _printf_d.o(.ARM.Collect$$_printf_percent$$00000009)
    _printf_percent_end                      0x0000014d   Thumb Code     0  _printf_percent_end.o(.ARM.Collect$$_printf_percent$$00000017)
    __rt_lib_init                            0x00000151   Thumb Code     0  libinit.o(.ARM.Collect$$libinit$$00000000)
    __rt_lib_init_fp_1                       0x00000153   Thumb Code     0  libinit2.o(.ARM.Collect$$libinit$$00000002)
    __rt_lib_init_heap_1                     0x00000153   Thumb Code     0  libinit2.o(.ARM.Collect$$libinit$$00000008)
    __rt_lib_init_lc_common                  0x00000153   Thumb Code     0  libinit2.o(.ARM.Collect$$libinit$$0000000D)
    __rt_lib_init_rand_1                     0x00000153   Thumb Code     0  libinit2.o(.ARM.Collect$$libinit$$0000000C)
    __rt_lib_init_user_alloc_1               0x00000153   Thumb Code     0  libinit2.o(.ARM.Collect$$libinit$$0000000A)
    __rt_lib_init_lc_collate_1               0x00000159   Thumb Code     0  libinit2.o(.ARM.Collect$$libinit$$0000000F)
    __rt_lib_init_lc_ctype_1                 0x00000159   Thumb Code     0  libinit2.o(.ARM.Collect$$libinit$$00000011)
    __rt_lib_init_lc_monetary_1              0x00000159   Thumb Code     0  libinit2.o(.ARM.Collect$$libinit$$00000013)
    __rt_lib_init_lc_numeric_2               0x00000159   Thumb Code     0  libinit2.o(.ARM.Collect$$libinit$$00000014)
    __rt_lib_init_alloca_1                   0x00000163   Thumb Code     0  libinit2.o(.ARM.Collect$$libinit$$0000002C)
    __rt_lib_init_argv_1                     0x00000163   Thumb Code     0  libinit2.o(.ARM.Collect$$libinit$$0000002A)
    __rt_lib_init_atexit_1                   0x00000163   Thumb Code     0  libinit2.o(.ARM.Collect$$libinit$$00000019)
    __rt_lib_init_clock_1                    0x00000163   Thumb Code     0  libinit2.o(.ARM.Collect$$libinit$$0000001F)
    __rt_lib_init_cpp_1                      0x00000163   Thumb Code     0  libinit2.o(.ARM.Collect$$libinit$$00000030)
    __rt_lib_init_exceptions_1               0x00000163   Thumb Code     0  libinit2.o(.ARM.Collect$$libinit$$0000002E)
    __rt_lib_init_fp_trap_1                  0x00000163   Thumb Code     0  libinit2.o(.ARM.Collect$$libinit$$0000001D)
    __rt_lib_init_getenv_1                   0x00000163   Thumb Code     0  libinit2.o(.ARM.Collect$$libinit$$00000021)
    __rt_lib_init_lc_numeric_1               0x00000163   Thumb Code     0  libinit2.o(.ARM.Collect$$libinit$$00000015)
    __rt_lib_init_lc_time_1                  0x00000163   Thumb Code     0  libinit2.o(.ARM.Collect$$libinit$$00000017)
    __rt_lib_init_return                     0x00000163   Thumb Code     0  libinit2.o(.ARM.Collect$$libinit$$00000031)
    __rt_lib_init_signal_1                   0x00000163   Thumb Code     0  libinit2.o(.ARM.Collect$$libinit$$0000001B)
    __rt_lib_init_stdio_1                    0x00000163   Thumb Code     0  libinit2.o(.ARM.Collect$$libinit$$00000023)
    __rt_lib_shutdown                        0x00000165   Thumb Code     0  libshutdown.o(.ARM.Collect$$libshutdown$$00000000)
    __rt_lib_shutdown_fp_trap_1              0x00000167   Thumb Code     0  libshutdown2.o(.ARM.Collect$$libshutdown$$00000006)
    __rt_lib_shutdown_heap_1                 0x00000167   Thumb Code     0  libshutdown2.o(.ARM.Collect$$libshutdown$$0000000E)
    __rt_lib_shutdown_return                 0x00000167   Thumb Code     0  libshutdown2.o(.ARM.Collect$$libshutdown$$0000000F)
    __rt_lib_shutdown_signal_1               0x00000167   Thumb Code     0  libshutdown2.o(.ARM.Collect$$libshutdown$$00000009)
    __rt_lib_shutdown_stdio_1                0x00000167   Thumb Code     0  libshutdown2.o(.ARM.Collect$$libshutdown$$00000003)
    __rt_lib_shutdown_user_alloc_1           0x00000167   Thumb Code     0  libshutdown2.o(.ARM.Collect$$libshutdown$$0000000B)
    __rt_entry                               0x00000169   Thumb Code     0  rtentry.o(.ARM.Collect$$rtentry$$00000000)
    __rt_entry_presh_1                       0x00000169   Thumb Code     0  rtentry2.o(.ARM.Collect$$rtentry$$00000002)
    __rt_entry_sh                            0x00000169   Thumb Code     0  rtentry4.o(.ARM.Collect$$rtentry$$00000004)
    __rt_entry_li                            0x0000016f   Thumb Code     0  rtentry2.o(.ARM.Collect$$rtentry$$0000000A)
    __rt_entry_postsh_1                      0x0000016f   Thumb Code     0  rtentry2.o(.ARM.Collect$$rtentry$$00000009)
    __rt_entry_main                          0x00000173   Thumb Code     0  rtentry2.o(.ARM.Collect$$rtentry$$0000000D)
    __rt_entry_postli_1                      0x00000173   Thumb Code     0  rtentry2.o(.ARM.Collect$$rtentry$$0000000C)
    __rt_exit                                0x0000017b   Thumb Code     0  rtexit.o(.ARM.Collect$$rtexit$$00000000)
    __rt_exit_ls                             0x0000017d   Thumb Code     0  rtexit2.o(.ARM.Collect$$rtexit$$00000003)
    __rt_exit_prels_1                        0x0000017d   Thumb Code     0  rtexit2.o(.ARM.Collect$$rtexit$$00000002)
    __rt_exit_exit                           0x00000181   Thumb Code     0  rtexit2.o(.ARM.Collect$$rtexit$$00000004)
    Reset_Handler                            0x00000189   Thumb Code     8  startup_lpc17xx.o(.text)
    NMI_Handler                              0x00000191   Thumb Code     2  startup_lpc17xx.o(.text)
    HardFault_Handler                        0x00000193   Thumb Code     2  startup_lpc17xx.o(.text)
    MemManage_Handler                        0x00000195   Thumb Code     2  startup_lpc17xx.o(.text)
    BusFault_Handler                         0x00000197   Thumb Code     2  startup_lpc17xx.o(.text)
    UsageFault_Handler                       0x00000199   Thumb Code     2  startup_lpc17xx.o(.text)
    SVC_Handler                              0x0000019b   Thumb Code     2  startup_lpc17xx.o(.text)
    DebugMon_Handler                         0x0000019d   Thumb Code     2  startup_lpc17xx.o(.text)
    PendSV_Handler                           0x0000019f   Thumb Code     2  startup_lpc17xx.o(.text)
    SysTick_Handler                          0x000001a1   Thumb Code     2  startup_lpc17xx.o(.text)
    BOD_IRQHandler                           0x000001a3   Thumb Code     0  startup_lpc17xx.o(.text)
    CANActivity_IRQHandler                   0x000001a3   Thumb Code     0  startup_lpc17xx.o(.text)
    CAN_IRQHandler                           0x000001a3   Thumb Code     0  startup_lpc17xx.o(.text)
    DMA_IRQHandler                           0x000001a3   Thumb Code     0  startup_lpc17xx.o(.text)
    EINT3_IRQHandler                         0x000001a3   Thumb Code     0  startup_lpc17xx.o(.text)
    ENET_IRQHandler                          0x000001a3   Thumb Code     0  startup_lpc17xx.o(.text)
    I2C0_IRQHandler                          0x000001a3   Thumb Code     0  startup_lpc17xx.o(.text)
    I2C1_IRQHandler                          0x000001a3   Thumb Code     0  startup_lpc17xx.o(.text)
    I2C2_IRQHandler                          0x000001a3   Thumb Code     0  startup_lpc17xx.o(.text)
    I2S_IRQHandler                           0x000001a3   Thumb Code     0  startup_lpc17xx.o(.text)
    MCPWM_IRQHandler                         0x000001a3   Thumb Code     0  startup_lpc17xx.o(.text)
    PLL0_IRQHandler                          0x000001a3   Thumb Code     0  startup_lpc17xx.o(.text)
    PLL1_IRQHandler                          0x000001a3   Thumb Code     0  startup_lpc17xx.o(.text)
    PWM1_IRQHandler                          0x000001a3   Thumb Code     0  startup_lpc17xx.o(.text)
    QEI_IRQHandler                           0x000001a3   Thumb Code     0  startup_lpc17xx.o(.text)
    RIT_IRQHandler                           0x000001a3   Thumb Code     0  startup_lpc17xx.o(.text)
    RTC_IRQHandler                           0x000001a3   Thumb Code     0  startup_lpc17xx.o(.text)
    SPI_IRQHandler                           0x000001a3   Thumb Code     0  startup_lpc17xx.o(.text)
    SSP0_IRQHandler                          0x000001a3   Thumb Code     0  startup_lpc17xx.o(.text)
    SSP1_IRQHandler                          0x000001a3   Thumb Code     0  startup_lpc17xx.o(.text)
    UART1_IRQHandler                         0x000001a3   Thumb Code     0  startup_lpc17xx.o(.text)
    UART2_IRQHandler                         0x000001a3   Thumb Code     0  startup_lpc17xx.o(.text)
    UART3_IRQHandler                         0x000001a3   Thumb Code     0  startup_lpc17xx.o(.text)
    USBActivity_IRQHandler                   0x000001a3   Thumb Code     0  startup_lpc17xx.o(.text)
    USB_IRQHandler                           0x000001a3   Thumb Code     0  startup_lpc17xx.o(.text)
    WDT_IRQHandler                           0x000001a3   Thumb Code     0  startup_lpc17xx.o(.text)
    __user_initial_stackheap                 0x000001a5   Thumb Code     0  startup_lpc17xx.o(.text)
    __aeabi_uldivmod                         0x000001c5   Thumb Code     0  lludivv7m.o(.text)
    _ll_udiv                                 0x000001c5   Thumb Code   238  lludivv7m.o(.text)
    __2sprintf                               0x000002b5   Thumb Code    34  noretval__2sprintf.o(.text)
    __use_two_region_memory                  0x000002dd   Thumb Code     2  heapauxi.o(.text)
    __rt_heap_escrow$2region                 0x000002df   Thumb Code     2  heapauxi.o(.text)
    __rt_heap_expand$2region                 0x000002e1   Thumb Code     2  heapauxi.o(.text)
    __read_errno                             0x000002e3   Thumb Code    10  _rserrno.o(.text)
    __set_errno                              0x000002ed   Thumb Code    12  _rserrno.o(.text)
    __I$use$semihosting                      0x000002f9   Thumb Code     0  use_no_semi.o(.text)
    __use_no_semihosting_swi                 0x000002f9   Thumb Code     2  use_no_semi.o(.text)
    __I$use$fp                               0x000002fa   Number         0  usenofp.o(x$fpl$usenofp)
    __semihosting_library_function           0x000002fb   Thumb Code     0  indicate_semi.o(.text)
    SystemCoreClockUpdate                    0x00000301   Thumb Code   424  system_lpc17xx.o(.text)
    SystemInit                               0x000004a9   Thumb Code   290  system_lpc17xx.o(.text)
    main                                     0x00000619   Thumb Code  2456  main.o(.text)
    I2Cdelay                                 0x000010a9   Thumb Code    14  i2c_lpc17xx.o(.text)
    pulso_SCL                                0x000010b7   Thumb Code    24  i2c_lpc17xx.o(.text)
    I2CSendByte                              0x000010cf   Thumb Code    74  i2c_lpc17xx.o(.text)
    I2CSendAddr                              0x00001119   Thumb Code    68  i2c_lpc17xx.o(.text)
    I2CGetByte                               0x0000115d   Thumb Code   100  i2c_lpc17xx.o(.text)
    I2CSendStop                              0x000011c1   Thumb Code    34  i2c_lpc17xx.o(.text)
    config_prioridades                       0x00001209   Thumb Code   108  configuraciones.o(.text)
    config_pines                             0x00001275   Thumb Code    24  configuraciones.o(.text)
    config_externas                          0x0000128d   Thumb Code    58  configuraciones.o(.text)
    config_pwm1                              0x000012c7   Thumb Code    64  configuraciones.o(.text)
    config_DAC                               0x00001307   Thumb Code    30  configuraciones.o(.text)
    config_ADC                               0x00001325   Thumb Code    72  configuraciones.o(.text)
    config_DS1621                            0x0000136d   Thumb Code    50  configuraciones.o(.text)
    config_TIMER0                            0x0000139f   Thumb Code    50  configuraciones.o(.text)
    config_TIMER1                            0x000013d1   Thumb Code    56  configuraciones.o(.text)
    config_TIMER2                            0x00001409   Thumb Code    46  configuraciones.o(.text)
    config_TIMER3                            0x00001437   Thumb Code    62  configuraciones.o(.text)
    set_servo                                0x000014d5   Thumb Code    64  funciones.o(.text)
    generar_pulso_alto                       0x00001515   Thumb Code    14  funciones.o(.text)
    genera_muestras                          0x00001523   Thumb Code   124  funciones.o(.text)
    leer_Temperatura_I2C                     0x0000159f   Thumb Code   126  funciones.o(.text)
    mostrar_resultados                       0x0000161d   Thumb Code   288  funciones.o(.text)
    mostrar_medidas_uart                     0x0000173d   Thumb Code   122  funciones.o(.text)
    EINT0_IRQHandler                         0x00001909   Thumb Code    36  interrupciones.o(.text)
    EINT1_IRQHandler                         0x0000192d   Thumb Code    58  interrupciones.o(.text)
    EINT2_IRQHandler                         0x00001967   Thumb Code    58  interrupciones.o(.text)
    TIMER0_IRQHandler                        0x000019a1   Thumb Code   270  interrupciones.o(.text)
    TIMER1_IRQHandler                        0x00001aaf   Thumb Code    56  interrupciones.o(.text)
    TIMER2_IRQHandler                        0x00001ae7   Thumb Code    32  interrupciones.o(.text)
    TIMER3_IRQHandler                        0x00001b07   Thumb Code   108  interrupciones.o(.text)
    ADC_IRQHandler                           0x00001b73   Thumb Code   130  interrupciones.o(.text)
    UART0_IRQHandler                         0x00001c9d   Thumb Code   110  uart.o(.text)
    tx_cadena_UART0                          0x00001d0b   Thumb Code    32  uart.o(.text)
    uart0_init                               0x00001e25   Thumb Code    70  uart.o(.text)
    writeCommand                             0x00001e91   Thumb Code   104  lcddriver.o(.text)
    writeRegister                            0x00001ef9   Thumb Code   148  lcddriver.o(.text)
    goTo                                     0x00001f8d   Thumb Code    30  lcddriver.o(.text)
    goHome                                   0x00001fab   Thumb Code    12  lcddriver.o(.text)
    writeData_unsafe                         0x00001fb7   Thumb Code    44  lcddriver.o(.text)
    drawChar                                 0x00001fe3   Thumb Code   238  lcddriver.o(.text)
    drawString                               0x000020d1   Thumb Code    82  lcddriver.o(.text)
    drawPixel                                0x00002123   Thumb Code    72  lcddriver.o(.text)
    drawCircle                               0x0000216b   Thumb Code   234  lcddriver.o(.text)
    setRotation                              0x00002255   Thumb Code   154  lcddriver.o(.text)
    drawFastLine                             0x000022ef   Thumb Code   150  lcddriver.o(.text)
    drawVerticalLine                         0x00002385   Thumb Code    42  lcddriver.o(.text)
    fillCircle                               0x000023af   Thumb Code   196  lcddriver.o(.text)
    fillScreen                               0x00002473   Thumb Code    50  lcddriver.o(.text)
    drawHorizontalLine                       0x000024a5   Thumb Code    42  lcddriver.o(.text)
    drawRect                                 0x000024cf   Thumb Code    76  lcddriver.o(.text)
    fillRect                                 0x0000251b   Thumb Code   158  lcddriver.o(.text)
    drawLine                                 0x000025b9   Thumb Code   166  lcddriver.o(.text)
    LCD_IO_Configuration                     0x0000265f   Thumb Code    44  lcddriver.o(.text)
    lcdDelay                                 0x0000268b   Thumb Code    44  lcddriver.o(.text)
    lcdInitDisplay                           0x000026b7   Thumb Code   108  lcddriver.o(.text)
    writeData                                0x00002723   Thumb Code   114  lcddriver.o(.text)
    reset                                    0x00002795   Thumb Code    46  lcddriver.o(.text)
    getRotation                              0x000027c3   Thumb Code     6  lcddriver.o(.text)
    readData                                 0x000027c9   Thumb Code   136  lcddriver.o(.text)
    readRegister                             0x00002851   Thumb Code    22  lcddriver.o(.text)
    CLKPWR_SetPCLKDiv                        0x00002875   Thumb Code   106  lpc17xx_clkpwr.o(.text)
    CLKPWR_GetPCLKSEL                        0x000028df   Thumb Code    32  lpc17xx_clkpwr.o(.text)
    CLKPWR_GetPCLK                           0x000028ff   Thumb Code    58  lpc17xx_clkpwr.o(.text)
    CLKPWR_ConfigPPWR                        0x00002939   Thumb Code    50  lpc17xx_clkpwr.o(.text)
    CLKPWR_Sleep                             0x0000296b   Thumb Code    10  lpc17xx_clkpwr.o(.text)
    CLKPWR_DeepSleep                         0x00002975   Thumb Code    16  lpc17xx_clkpwr.o(.text)
    CLKPWR_PowerDown                         0x00002985   Thumb Code    16  lpc17xx_clkpwr.o(.text)
    CLKPWR_DeepPowerDown                     0x00002995   Thumb Code    16  lpc17xx_clkpwr.o(.text)
    GPIO_SetDir                              0x00002a61   Thumb Code    40  lpc17xx_gpio.o(.text)
    GPIO_SetValue                            0x00002a89   Thumb Code    20  lpc17xx_gpio.o(.text)
    GPIO_ClearValue                          0x00002a9d   Thumb Code    20  lpc17xx_gpio.o(.text)
    GPIO_ReadValue                           0x00002ab1   Thumb Code    22  lpc17xx_gpio.o(.text)
    GPIO_IntCmd                              0x00002ac7   Thumb Code    54  lpc17xx_gpio.o(.text)
    GPIO_GetIntStatus                        0x00002afd   Thumb Code    86  lpc17xx_gpio.o(.text)
    GPIO_ClearInt                            0x00002b53   Thumb Code    24  lpc17xx_gpio.o(.text)
    FIO_SetDir                               0x00002b6b   Thumb Code    20  lpc17xx_gpio.o(.text)
    FIO_SetValue                             0x00002b7f   Thumb Code    16  lpc17xx_gpio.o(.text)
    FIO_ClearValue                           0x00002b8f   Thumb Code    16  lpc17xx_gpio.o(.text)
    FIO_ReadValue                            0x00002b9f   Thumb Code    12  lpc17xx_gpio.o(.text)
    FIO_IntCmd                               0x00002bab   Thumb Code    20  lpc17xx_gpio.o(.text)
    FIO_GetIntStatus                         0x00002bbf   Thumb Code    20  lpc17xx_gpio.o(.text)
    FIO_ClearInt                             0x00002bd3   Thumb Code    16  lpc17xx_gpio.o(.text)
    FIO_SetMask                              0x00002be3   Thumb Code    40  lpc17xx_gpio.o(.text)
    FIO_HalfWordSetDir                       0x00002c0b   Thumb Code    62  lpc17xx_gpio.o(.text)
    FIO_HalfWordSetMask                      0x00002c49   Thumb Code    62  lpc17xx_gpio.o(.text)
    FIO_HalfWordSetValue                     0x00002c87   Thumb Code    32  lpc17xx_gpio.o(.text)
    FIO_HalfWordClearValue                   0x00002ca7   Thumb Code    32  lpc17xx_gpio.o(.text)
    FIO_HalfWordReadValue                    0x00002cc7   Thumb Code    30  lpc17xx_gpio.o(.text)
    FIO_ByteSetDir                           0x00002ce5   Thumb Code    50  lpc17xx_gpio.o(.text)
    FIO_ByteSetMask                          0x00002d17   Thumb Code    66  lpc17xx_gpio.o(.text)
    FIO_ByteSetValue                         0x00002d59   Thumb Code    34  lpc17xx_gpio.o(.text)
    FIO_ByteClearValue                       0x00002d7b   Thumb Code    34  lpc17xx_gpio.o(.text)
    FIO_ByteReadValue                        0x00002d9d   Thumb Code    76  lpc17xx_gpio.o(.text)
    _printf_pre_padding                      0x00002de9   Thumb Code    46  _printf_pad.o(.text)
    _printf_post_padding                     0x00002e17   Thumb Code    36  _printf_pad.o(.text)
    _printf_int_dec                          0x00002e3d   Thumb Code   102  _printf_dec.o(.text)
    __printf                                 0x00002eb5   Thumb Code   270  __printf_wp.o(.text)
    strcmp                                   0x00002fc5   Thumb Code   128  strcmpv7m.o(.text)
    _printf_int_common                       0x00003045   Thumb Code   184  _printf_intcommon.o(.text)
    __lib_sel_fp_printf                      0x000030fd   Thumb Code     2  _printf_fp_dec.o(.text)
    _printf_fp_dec_real                      0x000032a9   Thumb Code   628  _printf_fp_dec.o(.text)
    _printf_char_common                      0x00003527   Thumb Code    32  _printf_char_common.o(.text)
    _sputc                                   0x0000354d   Thumb Code    10  _sputc.o(.text)
    __rt_locale                              0x00003559   Thumb Code     8  rt_locale_intlibspace.o(.text)
    __aeabi_errno_addr                       0x00003561   Thumb Code     8  rt_errno_addr_intlibspace.o(.text)
    __errno$intlibspace                      0x00003561   Thumb Code     0  rt_errno_addr_intlibspace.o(.text)
    __rt_errno_addr$intlibspace              0x00003561   Thumb Code     0  rt_errno_addr_intlibspace.o(.text)
    _ll_udiv10                               0x00003569   Thumb Code   138  lludiv10.o(.text)
    _printf_fp_infnan                        0x000035f5   Thumb Code   112  _printf_fp_infnan.o(.text)
    _btod_etento                             0x00003675   Thumb Code   222  bigflt0.o(.text)
    __user_libspace                          0x00003759   Thumb Code     8  libspace.o(.text)
    __user_perproc_libspace                  0x00003759   Thumb Code     0  libspace.o(.text)
    __user_perthread_libspace                0x00003759   Thumb Code     0  libspace.o(.text)
    __user_setup_stackheap                   0x00003761   Thumb Code    74  sys_stackheap_outer.o(.text)
    exit                                     0x000037ab   Thumb Code    12  exit.o(.text)
    _sys_exit                                0x000037b9   Thumb Code     8  sys_exit.o(.text)
    _btod_d2e                                0x000037c5   Thumb Code    62  btod.o(CL$$btod_d2e)
    _d2e_denorm_low                          0x00003803   Thumb Code    70  btod.o(CL$$btod_d2e_denorm_low)
    _d2e_norm_op1                            0x00003849   Thumb Code    96  btod.o(CL$$btod_d2e_norm_op1)
    __btod_div_common                        0x000038a9   Thumb Code   696  btod.o(CL$$btod_div_common)
    _e2e                                     0x00003be1   Thumb Code   198  btod.o(CL$$btod_e2e)
    _btod_ediv                               0x00003ca7   Thumb Code    40  btod.o(CL$$btod_ediv)
    _btod_emul                               0x00003ccf   Thumb Code    40  btod.o(CL$$btod_emul)
    __btod_mult_common                       0x00003cf7   Thumb Code   580  btod.o(CL$$btod_mult_common)
    __ARM_fpclassify                         0x00003f3b   Thumb Code    40  fpclassify.o(i.__ARM_fpclassify)
    __ieee754_rem_pio2                       0x00003f65   Thumb Code   832  rred.o(i.__ieee754_rem_pio2)
    __kernel_cos                             0x000042ed   Thumb Code   230  cos_i.o(i.__kernel_cos)
    __kernel_poly                            0x000043e9   Thumb Code   170  poly.o(i.__kernel_poly)
    __kernel_sin                             0x00004495   Thumb Code   224  sin_i.o(i.__kernel_sin)
    __mathlib_dbl_underflow                  0x00004581   Thumb Code    10  dunder.o(i.__mathlib_dbl_underflow)
    _is_digit                                0x00004591   Thumb Code    14  __printf_wp.o(i._is_digit)
    sin                                      0x000045a1   Thumb Code   166  sin.o(i.sin)
    _get_lc_numeric                          0x00004651   Thumb Code    44  lc_numeric_c.o(locale$$code)
    __aeabi_d2f                              0x0000467d   Thumb Code     0  d2f.o(x$fpl$d2f)
    _d2f                                     0x0000467d   Thumb Code    98  d2f.o(x$fpl$d2f)
    __aeabi_dadd                             0x000046e1   Thumb Code     0  daddsub_clz.o(x$fpl$dadd)
    _dadd                                    0x000046e1   Thumb Code   332  daddsub_clz.o(x$fpl$dadd)
    __fpl_dcheck_NaN1                        0x00004831   Thumb Code    10  dcheck1.o(x$fpl$dcheck1)
    __aeabi_ddiv                             0x00004841   Thumb Code     0  ddiv.o(x$fpl$ddiv)
    _ddiv                                    0x00004841   Thumb Code   552  ddiv.o(x$fpl$ddiv)
    __aeabi_d2iz                             0x00004af1   Thumb Code     0  dfix.o(x$fpl$dfix)
    _dfix                                    0x00004af1   Thumb Code    94  dfix.o(x$fpl$dfix)
    __aeabi_d2uiz                            0x00004b51   Thumb Code     0  dfixu.o(x$fpl$dfixu)
    _dfixu                                   0x00004b51   Thumb Code    90  dfixu.o(x$fpl$dfixu)
    __aeabi_i2d                              0x00004bab   Thumb Code     0  dflt_clz.o(x$fpl$dflt)
    _dflt                                    0x00004bab   Thumb Code    46  dflt_clz.o(x$fpl$dflt)
    __aeabi_ui2d                             0x00004bd9   Thumb Code     0  dflt_clz.o(x$fpl$dfltu)
    _dfltu                                   0x00004bd9   Thumb Code    38  dflt_clz.o(x$fpl$dfltu)
    __aeabi_dmul                             0x00004c01   Thumb Code     0  dmul.o(x$fpl$dmul)
    _dmul                                    0x00004c01   Thumb Code   332  dmul.o(x$fpl$dmul)
    __fpl_dnaninf                            0x00004d55   Thumb Code   156  dnaninf.o(x$fpl$dnaninf)
    __fpl_dretinf                            0x00004df1   Thumb Code    12  dretinf.o(x$fpl$dretinf)
    __aeabi_drsub                            0x00004dfd   Thumb Code     0  daddsub_clz.o(x$fpl$drsb)
    _drsb                                    0x00004dfd   Thumb Code    22  daddsub_clz.o(x$fpl$drsb)
    __aeabi_dsub                             0x00004e15   Thumb Code     0  daddsub_clz.o(x$fpl$dsub)
    _dsub                                    0x00004e15   Thumb Code   464  daddsub_clz.o(x$fpl$dsub)
    __aeabi_f2d                              0x00004fe9   Thumb Code     0  f2d.o(x$fpl$f2d)
    _f2d                                     0x00004fe9   Thumb Code    86  f2d.o(x$fpl$f2d)
    __fpl_fcmp_Inf                           0x0000503f   Thumb Code    24  fcmpi.o(x$fpl$fcmpinf)
    __aeabi_cfcmpeq                          0x00005059   Thumb Code     0  feqf.o(x$fpl$feqf)
    _fcmpeq                                  0x00005059   Thumb Code   104  feqf.o(x$fpl$feqf)
    __aeabi_i2f                              0x000050c1   Thumb Code     0  fflt_clz.o(x$fpl$fflt)
    _fflt                                    0x000050c1   Thumb Code    48  fflt_clz.o(x$fpl$fflt)
    __aeabi_ui2f                             0x000050f1   Thumb Code     0  fflt_clz.o(x$fpl$ffltu)
    _ffltu                                   0x000050f1   Thumb Code    38  fflt_clz.o(x$fpl$ffltu)
    __aeabi_cfcmple                          0x00005119   Thumb Code     0  fleqf.o(x$fpl$fleqf)
    _fcmple                                  0x00005119   Thumb Code   104  fleqf.o(x$fpl$fleqf)
    __fpl_fcmple_InfNaN                      0x0000516b   Thumb Code     0  fleqf.o(x$fpl$fleqf)
    __fpl_fnaninf                            0x00005181   Thumb Code   140  fnaninf.o(x$fpl$fnaninf)
    __fpl_fretinf                            0x0000520d   Thumb Code    10  fretinf.o(x$fpl$fretinf)
    __aeabi_cfrcmple                         0x00005217   Thumb Code     0  frleqf.o(x$fpl$frleqf)
    _frcmple                                 0x00005217   Thumb Code    98  frleqf.o(x$fpl$frleqf)
    _printf_fp_dec                           0x00005279   Thumb Code     4  printf1.o(x$fpl$printf1)
    __fpl_return_NaN                         0x0000527d   Thumb Code   100  retnan.o(x$fpl$retnan)
    __ARM_scalbn                             0x000052e1   Thumb Code    92  scalbn.o(x$fpl$scalbn)
    __fpl_cmpreturn                          0x0000533d   Thumb Code    48  trapv.o(x$fpl$trapveneer)
    FONT8x8                                  0x00005438   Data         776  font.o(.constdata)
    FONT8x16                                 0x00005740   Data        1552  font.o(.constdata)
    FONT16x24                                0x00005d50   Data        4656  font.o(.constdata)
    Region$$Table$$Base                      0x0000721c   Number         0  anon$$obj.o(Region$$Table)
    Region$$Table$$Limit                     0x0000723c   Number         0  anon$$obj.o(Region$$Table)
    SystemCoreClock                          0x10000000   Data           4  system_lpc17xx.o(.data)
    FLAG_ISP                                 0x10000004   Data           1  main.o(.data)
    FLAG_KEY1                                0x10000005   Data           1  main.o(.data)
    FLAG_KEY2                                0x10000006   Data           1  main.o(.data)
    FLAG_TIMER0                              0x10000007   Data           1  main.o(.data)
    FLAG_TIMER1                              0x10000008   Data           1  main.o(.data)
    FLAG_TIMER2                              0x10000009   Data           1  main.o(.data)
    FLAG_TIMER3                              0x1000000a   Data           1  main.o(.data)
    DAC_ON                                   0x1000000b   Data           1  main.o(.data)
    FLAG_MENU                                0x1000000c   Data           1  main.o(.data)
    FLAG_init_timer                          0x1000000d   Data           1  main.o(.data)
    FLAG_DISPARO_CONTINUO                    0x1000000e   Data           1  main.o(.data)
    mode                                     0x1000000f   Data           1  main.o(.data)
    grados                                   0x10000010   Data           1  main.o(.data)
    pulsos                                   0x10000011   Data           1  main.o(.data)
    distancia                                0x10000014   Data           4  main.o(.data)
    temperaturaI2C                           0x10000018   Data           4  main.o(.data)
    temp                                     0x1000001c   Data           4  main.o(.data)
    temp_I2C                                 0x10000020   Data           4  main.o(.data)
    umbral                                   0x10000024   Data           4  main.o(.data)
    frecuencia                               0x10000028   Data           4  main.o(.data)
    aux                                      0x1000002c   Data           1  main.o(.data)
    aux3                                     0x1000002d   Data           1  main.o(.data)
    aux4                                     0x1000002e   Data           1  main.o(.data)
    aux5                                     0x10000030   Data           4  main.o(.data)
    aux_time                                 0x10000034   Data           4  main.o(.data)
    disparo                                  0x10000038   Data           1  main.o(.data)
    i                                        0x1000003c   Data           4  main.o(.data)
    FLAG_EINT0_PULSO                         0x10000040   Data           1  main.o(.data)
    FLAG_EINT_SERVO                          0x10000041   Data           1  main.o(.data)
    FLAG_AUTO                                0x10000042   Data           1  main.o(.data)
    FLAG_DETEC                               0x10000043   Data           1  main.o(.data)
    FLAG_ONLINE                              0x10000044   Data           1  main.o(.data)
    FLAG_OFFLINE                             0x10000045   Data           1  main.o(.data)
    temperatura_global                       0x10000048   Data           4  main.o(.data)
    ptr_rx                                   0x1000004c   Data           4  main.o(.data)
    rx_completa                              0x10000050   Data           1  main.o(.data)
    ptr_tx                                   0x10000054   Data           4  main.o(.data)
    tx_completa                              0x10000058   Data           1  main.o(.data)
    _width                                   0x1000005a   Data           2  lcddriver.o(.data)
    _height                                  0x1000005c   Data           2  lcddriver.o(.data)
    rotation                                 0x1000005e   Data           1  lcddriver.o(.data)
    muestras                                 0x10000060   Data          64  main.o(.bss)
    buffer                                   0x100000a0   Data          30  main.o(.bss)
    __libspace_start                         0x100000c0   Data          96  libspace.o(.bss)
    __temporary_stack_top$libspace           0x10000120   Data           0  libspace.o(.bss)



==============================================================================

Memory Map of the image

  Image Entry point : 0x00000189

  Load Region LR_1 (Base: 0x00000000, Size: 0x000072b8, Max: 0xffffffff, ABSOLUTE)

    Execution Region ER_RO (Base: 0x00000000, Size: 0x00007258, Max: 0xffffffff, ABSOLUTE)

    Base Addr    Size         Type   Attr      Idx    E Section Name        Object

    0x00000000   0x000000cc   Data   RO            3    RESET               startup_lpc17xx.o
    0x000000cc   0x00000008   Code   RO          382  * !!!main             c_w.l(__main.o)
    0x000000d4   0x00000034   Code   RO          694    !!!scatter          c_w.l(__scatter.o)
    0x00000108   0x0000001a   Code   RO          696    !!handler_copy      c_w.l(__scatter_copy.o)
    0x00000122   0x00000002   PAD
    0x00000124   0x0000001c   Code   RO          698    !!handler_zi        c_w.l(__scatter_zi.o)
    0x00000140   0x00000000   Code   RO          377    .ARM.Collect$$_printf_percent$$00000000  c_w.l(_printf_percent.o)
    0x00000140   0x00000006   Code   RO          376    .ARM.Collect$$_printf_percent$$00000003  c_w.l(_printf_f.o)
    0x00000146   0x00000006   Code   RO          375    .ARM.Collect$$_printf_percent$$00000009  c_w.l(_printf_d.o)
    0x0000014c   0x00000004   Code   RO          445    .ARM.Collect$$_printf_percent$$00000017  c_w.l(_printf_percent_end.o)
    0x00000150   0x00000002   Code   RO          566    .ARM.Collect$$libinit$$00000000  c_w.l(libinit.o)
    0x00000152   0x00000000   Code   RO          568    .ARM.Collect$$libinit$$00000002  c_w.l(libinit2.o)
    0x00000152   0x00000000   Code   RO          571    .ARM.Collect$$libinit$$00000008  c_w.l(libinit2.o)
    0x00000152   0x00000000   Code   RO          573    .ARM.Collect$$libinit$$0000000A  c_w.l(libinit2.o)
    0x00000152   0x00000000   Code   RO          575    .ARM.Collect$$libinit$$0000000C  c_w.l(libinit2.o)
    0x00000152   0x00000006   Code   RO          576    .ARM.Collect$$libinit$$0000000D  c_w.l(libinit2.o)
    0x00000158   0x00000000   Code   RO          578    .ARM.Collect$$libinit$$0000000F  c_w.l(libinit2.o)
    0x00000158   0x00000000   Code   RO          580    .ARM.Collect$$libinit$$00000011  c_w.l(libinit2.o)
    0x00000158   0x00000000   Code   RO          582    .ARM.Collect$$libinit$$00000013  c_w.l(libinit2.o)
    0x00000158   0x0000000a   Code   RO          583    .ARM.Collect$$libinit$$00000014  c_w.l(libinit2.o)
    0x00000162   0x00000000   Code   RO          584    .ARM.Collect$$libinit$$00000015  c_w.l(libinit2.o)
    0x00000162   0x00000000   Code   RO          586    .ARM.Collect$$libinit$$00000017  c_w.l(libinit2.o)
    0x00000162   0x00000000   Code   RO          588    .ARM.Collect$$libinit$$00000019  c_w.l(libinit2.o)
    0x00000162   0x00000000   Code   RO          590    .ARM.Collect$$libinit$$0000001B  c_w.l(libinit2.o)
    0x00000162   0x00000000   Code   RO          592    .ARM.Collect$$libinit$$0000001D  c_w.l(libinit2.o)
    0x00000162   0x00000000   Code   RO          594    .ARM.Collect$$libinit$$0000001F  c_w.l(libinit2.o)
    0x00000162   0x00000000   Code   RO          596    .ARM.Collect$$libinit$$00000021  c_w.l(libinit2.o)
    0x00000162   0x00000000   Code   RO          598    .ARM.Collect$$libinit$$00000023  c_w.l(libinit2.o)
    0x00000162   0x00000000   Code   RO          602    .ARM.Collect$$libinit$$0000002A  c_w.l(libinit2.o)
    0x00000162   0x00000000   Code   RO          604    .ARM.Collect$$libinit$$0000002C  c_w.l(libinit2.o)
    0x00000162   0x00000000   Code   RO          606    .ARM.Collect$$libinit$$0000002E  c_w.l(libinit2.o)
    0x00000162   0x00000000   Code   RO          608    .ARM.Collect$$libinit$$00000030  c_w.l(libinit2.o)
    0x00000162   0x00000002   Code   RO          609    .ARM.Collect$$libinit$$00000031  c_w.l(libinit2.o)
    0x00000164   0x00000002   Code   RO          660    .ARM.Collect$$libshutdown$$00000000  c_w.l(libshutdown.o)
    0x00000166   0x00000000   Code   RO          679    .ARM.Collect$$libshutdown$$00000003  c_w.l(libshutdown2.o)
    0x00000166   0x00000000   Code   RO          682    .ARM.Collect$$libshutdown$$00000006  c_w.l(libshutdown2.o)
    0x00000166   0x00000000   Code   RO          685    .ARM.Collect$$libshutdown$$00000009  c_w.l(libshutdown2.o)
    0x00000166   0x00000000   Code   RO          687    .ARM.Collect$$libshutdown$$0000000B  c_w.l(libshutdown2.o)
    0x00000166   0x00000000   Code   RO          690    .ARM.Collect$$libshutdown$$0000000E  c_w.l(libshutdown2.o)
    0x00000166   0x00000002   Code   RO          691    .ARM.Collect$$libshutdown$$0000000F  c_w.l(libshutdown2.o)
    0x00000168   0x00000000   Code   RO          430    .ARM.Collect$$rtentry$$00000000  c_w.l(rtentry.o)
    0x00000168   0x00000000   Code   RO          476    .ARM.Collect$$rtentry$$00000002  c_w.l(rtentry2.o)
    0x00000168   0x00000006   Code   RO          488    .ARM.Collect$$rtentry$$00000004  c_w.l(rtentry4.o)
    0x0000016e   0x00000000   Code   RO          478    .ARM.Collect$$rtentry$$00000009  c_w.l(rtentry2.o)
    0x0000016e   0x00000004   Code   RO          479    .ARM.Collect$$rtentry$$0000000A  c_w.l(rtentry2.o)
    0x00000172   0x00000000   Code   RO          481    .ARM.Collect$$rtentry$$0000000C  c_w.l(rtentry2.o)
    0x00000172   0x00000008   Code   RO          482    .ARM.Collect$$rtentry$$0000000D  c_w.l(rtentry2.o)
    0x0000017a   0x00000002   Code   RO          612    .ARM.Collect$$rtexit$$00000000  c_w.l(rtexit.o)
    0x0000017c   0x00000000   Code   RO          629    .ARM.Collect$$rtexit$$00000002  c_w.l(rtexit2.o)
    0x0000017c   0x00000004   Code   RO          630    .ARM.Collect$$rtexit$$00000003  c_w.l(rtexit2.o)
    0x00000180   0x00000006   Code   RO          631    .ARM.Collect$$rtexit$$00000004  c_w.l(rtexit2.o)
    0x00000186   0x00000002   PAD
    0x00000188   0x0000003c   Code   RO            5  * .text               startup_lpc17xx.o
    0x000001c4   0x000000ee   Code   RO          343    .text               c_w.l(lludivv7m.o)
    0x000002b2   0x00000002   PAD
    0x000002b4   0x00000028   Code   RO          347    .text               c_w.l(noretval__2sprintf.o)
    0x000002dc   0x00000006   Code   RO          380    .text               c_w.l(heapauxi.o)
    0x000002e2   0x00000016   Code   RO          435    .text               c_w.l(_rserrno.o)
    0x000002f8   0x00000002   Code   RO          647    .text               c_w.l(use_no_semi.o)
    0x000002fa   0x00000000   Code   RO          649    .text               c_w.l(indicate_semi.o)
    0x000002fa   0x00000000   Code   RO          460    x$fpl$usenofp       fz_ws.l(usenofp.o)
    0x000002fa   0x00000002   PAD
    0x000002fc   0x00000004   Code   RO            4    .ARM.__at_0x02FC    startup_lpc17xx.o
    0x00000300   0x00000318   Code   RO           15    .text               system_lpc17xx.o
    0x00000618   0x00000a90   Code   RO           58    .text               main.o
    0x000010a8   0x00000140   Code   RO          125    .text               i2c_lpc17xx.o
    0x000011e8   0x000002ec   Code   RO          145    .text               configuraciones.o
    0x000014d4   0x00000434   Code   RO          169    .text               funciones.o
    0x00001908   0x00000394   Code   RO          201    .text               interrupciones.o
    0x00001c9c   0x000001f4   Code   RO          226    .text               uart.o
    0x00001e90   0x000009e4   Code   RO          259    .text               lcddriver.o
    0x00002874   0x00000150   Code   RO          293    .text               lpc17xx_clkpwr.o
    0x000029c4   0x00000424   Code   RO          320    .text               lpc17xx_gpio.o
    0x00002de8   0x00000052   Code   RO          351    .text               c_w.l(_printf_pad.o)
    0x00002e3a   0x00000002   PAD
    0x00002e3c   0x00000078   Code   RO          353    .text               c_w.l(_printf_dec.o)
    0x00002eb4   0x0000010e   Code   RO          363    .text               c_w.l(__printf_wp.o)
    0x00002fc2   0x00000002   PAD
    0x00002fc4   0x00000080   Code   RO          378    .text               c_w.l(strcmpv7m.o)
    0x00003044   0x000000b8   Code   RO          437    .text               c_w.l(_printf_intcommon.o)
    0x000030fc   0x00000420   Code   RO          439    .text               c_w.l(_printf_fp_dec.o)
    0x0000351c   0x00000030   Code   RO          441    .text               c_w.l(_printf_char_common.o)
    0x0000354c   0x0000000a   Code   RO          443    .text               c_w.l(_sputc.o)
    0x00003556   0x00000002   PAD
    0x00003558   0x00000008   Code   RO          495    .text               c_w.l(rt_locale_intlibspace.o)
    0x00003560   0x00000008   Code   RO          500    .text               c_w.l(rt_errno_addr_intlibspace.o)
    0x00003568   0x0000008a   Code   RO          502    .text               c_w.l(lludiv10.o)
    0x000035f2   0x00000002   PAD
    0x000035f4   0x00000080   Code   RO          504    .text               c_w.l(_printf_fp_infnan.o)
    0x00003674   0x000000e4   Code   RO          508    .text               c_w.l(bigflt0.o)
    0x00003758   0x00000008   Code   RO          550    .text               c_w.l(libspace.o)
    0x00003760   0x0000004a   Code   RO          553    .text               c_w.l(sys_stackheap_outer.o)
    0x000037aa   0x0000000c   Code   RO          555    .text               c_w.l(exit.o)
    0x000037b6   0x00000002   PAD
    0x000037b8   0x0000000c   Code   RO          626    .text               c_w.l(sys_exit.o)
    0x000037c4   0x0000003e   Code   RO          511    CL$$btod_d2e        c_w.l(btod.o)
    0x00003802   0x00000046   Code   RO          513    CL$$btod_d2e_denorm_low  c_w.l(btod.o)
    0x00003848   0x00000060   Code   RO          512    CL$$btod_d2e_norm_op1  c_w.l(btod.o)
    0x000038a8   0x00000338   Code   RO          521    CL$$btod_div_common  c_w.l(btod.o)
    0x00003be0   0x000000c6   Code   RO          518    CL$$btod_e2e        c_w.l(btod.o)
    0x00003ca6   0x00000028   Code   RO          515    CL$$btod_ediv       c_w.l(btod.o)
    0x00003cce   0x00000028   Code   RO          514    CL$$btod_emul       c_w.l(btod.o)
    0x00003cf6   0x00000244   Code   RO          520    CL$$btod_mult_common  c_w.l(btod.o)
    0x00003f3a   0x00000028   Code   RO          546    i.__ARM_fpclassify  m_ws.l(fpclassify.o)
    0x00003f62   0x00000002   PAD
    0x00003f64   0x00000388   Code   RO          464    i.__ieee754_rem_pio2  m_ws.l(rred.o)
    0x000042ec   0x000000fc   Code   RO          461    i.__kernel_cos      m_ws.l(cos_i.o)
    0x000043e8   0x000000aa   Code   RO          548    i.__kernel_poly     m_ws.l(poly.o)
    0x00004492   0x00000002   PAD
    0x00004494   0x000000ec   Code   RO          469    i.__kernel_sin      m_ws.l(sin_i.o)
    0x00004580   0x00000010   Code   RO          544    i.__mathlib_dbl_underflow  m_ws.l(dunder.o)
    0x00004590   0x0000000e   Code   RO          365    i._is_digit         c_w.l(__printf_wp.o)
    0x0000459e   0x00000002   PAD
    0x000045a0   0x000000b0   Code   RO          423    i.sin               m_ws.l(sin.o)
    0x00004650   0x0000002c   Code   RO          534    locale$$code        c_w.l(lc_numeric_c.o)
    0x0000467c   0x00000062   Code   RO          384    x$fpl$d2f           fz_ws.l(d2f.o)
    0x000046de   0x00000002   PAD
    0x000046e0   0x00000150   Code   RO          386    x$fpl$dadd          fz_ws.l(daddsub_clz.o)
    0x00004830   0x00000010   Code   RO          536    x$fpl$dcheck1       fz_ws.l(dcheck1.o)
    0x00004840   0x000002b0   Code   RO          393    x$fpl$ddiv          fz_ws.l(ddiv.o)
    0x00004af0   0x0000005e   Code   RO          538    x$fpl$dfix          fz_ws.l(dfix.o)
    0x00004b4e   0x00000002   PAD
    0x00004b50   0x0000005a   Code   RO          396    x$fpl$dfixu         fz_ws.l(dfixu.o)
    0x00004baa   0x0000002e   Code   RO          401    x$fpl$dflt          fz_ws.l(dflt_clz.o)
    0x00004bd8   0x00000026   Code   RO          400    x$fpl$dfltu         fz_ws.l(dflt_clz.o)
    0x00004bfe   0x00000002   PAD
    0x00004c00   0x00000154   Code   RO          406    x$fpl$dmul          fz_ws.l(dmul.o)
    0x00004d54   0x0000009c   Code   RO          446    x$fpl$dnaninf       fz_ws.l(dnaninf.o)
    0x00004df0   0x0000000c   Code   RO          448    x$fpl$dretinf       fz_ws.l(dretinf.o)
    0x00004dfc   0x00000016   Code   RO          387    x$fpl$drsb          fz_ws.l(daddsub_clz.o)
    0x00004e12   0x00000002   PAD
    0x00004e14   0x000001d4   Code   RO          388    x$fpl$dsub          fz_ws.l(daddsub_clz.o)
    0x00004fe8   0x00000056   Code   RO          408    x$fpl$f2d           fz_ws.l(f2d.o)
    0x0000503e   0x00000018   Code   RO          450    x$fpl$fcmpinf       fz_ws.l(fcmpi.o)
    0x00005056   0x00000002   PAD
    0x00005058   0x00000068   Code   RO          410    x$fpl$feqf          fz_ws.l(feqf.o)
    0x000050c0   0x00000030   Code   RO          413    x$fpl$fflt          fz_ws.l(fflt_clz.o)
    0x000050f0   0x00000026   Code   RO          412    x$fpl$ffltu         fz_ws.l(fflt_clz.o)
    0x00005116   0x00000002   PAD
    0x00005118   0x00000068   Code   RO          452    x$fpl$fleqf         fz_ws.l(fleqf.o)
    0x00005180   0x0000008c   Code   RO          454    x$fpl$fnaninf       fz_ws.l(fnaninf.o)
    0x0000520c   0x0000000a   Code   RO          456    x$fpl$fretinf       fz_ws.l(fretinf.o)
    0x00005216   0x00000062   Code   RO          418    x$fpl$frleqf        fz_ws.l(frleqf.o)
    0x00005278   0x00000004   Code   RO          420    x$fpl$printf1       fz_ws.l(printf1.o)
    0x0000527c   0x00000064   Code   RO          610    x$fpl$retnan        fz_ws.l(retnan.o)
    0x000052e0   0x0000005c   Code   RO          458    x$fpl$scalbn        fz_ws.l(scalbn.o)
    0x0000533c   0x00000030   Code   RO          624    x$fpl$trapveneer    fz_ws.l(trapv.o)
    0x0000536c   0x000000cc   Data   RO           60    .constdata          main.o
    0x00005438   0x00001b48   Data   RO          248    .constdata          font.o
    0x00006f80   0x000000e4   Data   RO          260    .constdata          lcddriver.o
    0x00007064   0x00000004   PAD
    0x00007068   0x00000030   Data   RO          462    .constdata          m_ws.l(cos_i.o)
    0x00007098   0x000000c8   Data   RO          466    .constdata          m_ws.l(rred.o)
    0x00007160   0x00000028   Data   RO          470    .constdata          m_ws.l(sin_i.o)
    0x00007188   0x00000094   Data   RO          509    .constdata          c_w.l(bigflt0.o)
    0x0000721c   0x00000020   Data   RO          692    Region$$Table       anon$$obj.o
    0x0000723c   0x0000001c   Data   RO          533    locale$$data        c_w.l(lc_numeric_c.o)


    Execution Region ER_RW (Base: 0x10000000, Size: 0x00000060, Max: 0xffffffff, ABSOLUTE)

    Base Addr    Size         Type   Attr      Idx    E Section Name        Object

    0x10000000   0x00000004   Data   RW           16    .data               system_lpc17xx.o
    0x10000004   0x00000055   Data   RW           61    .data               main.o
    0x10000059   0x00000001   Data   RW          202    .data               interrupciones.o
    0x1000005a   0x00000005   Data   RW          261    .data               lcddriver.o


    Execution Region ER_ZI (Base: 0x10000060, Size: 0x000002c0, Max: 0xffffffff, ABSOLUTE)

    Base Addr    Size         Type   Attr      Idx    E Section Name        Object

    0x10000060   0x0000005e   Zero   RW           59    .bss                main.o
    0x100000be   0x00000002   PAD
    0x100000c0   0x00000060   Zero   RW          551    .bss                c_w.l(libspace.o)
    0x10000120   0x00000000   Zero   RW            2    HEAP                startup_lpc17xx.o
    0x10000120   0x00000200   Zero   RW            1    STACK               startup_lpc17xx.o


==============================================================================

Image component sizes


      Code (inc. data)   RO Data    RW Data    ZI Data      Debug   Object Name

       748         72          0          0          0      25949   configuraciones.o
         0          0       6984          0          0        673   font.o
      1076        338          0          0          0       1624   funciones.o
       320          6          0          0          0       1468   i2c_lpc17xx.o
       916        168          0          1          0       1816   interrupciones.o
      2532         48        228          5          0      11327   lcddriver.o
       336         32          0          0          0       1787   lpc17xx_clkpwr.o
      1060         62          0          0          0       8271   lpc17xx_gpio.o
      2704        644        204         85         94      20567   main.o
        64         26        204          0        512       1056   startup_lpc17xx.o
       792         78          0          4          0      21997   system_lpc17xx.o
       500         38          0          0          0      25281   uart.o

    ----------------------------------------------------------------------
     11048       1512       7656         96        608     121816   Object Totals
         0          0         32          0          0          0   (incl. Generated)
         0          0          4          1          2          0   (incl. Padding)

    ----------------------------------------------------------------------

      Code (inc. data)   RO Data    RW Data    ZI Data      Debug   Library Member Name

         8          0          0          0          0         68   __main.o
       284          0          0          0          0        156   __printf_wp.o
        52          8          0          0          0          0   __scatter.o
        26          0          0          0          0          0   __scatter_copy.o
        28          0          0          0          0          0   __scatter_zi.o
        48          6          0          0          0         96   _printf_char_common.o
         6          0          0          0          0          0   _printf_d.o
       120         18          0          0          0         92   _printf_dec.o
         6          0          0          0          0          0   _printf_f.o
      1056          0          0          0          0        216   _printf_fp_dec.o
       128         16          0          0          0         84   _printf_fp_infnan.o
       184          0          0          0          0         88   _printf_intcommon.o
        82          0          0          0          0        108   _printf_pad.o
         0          0          0          0          0          0   _printf_percent.o
         4          0          0          0          0          0   _printf_percent_end.o
        22          0          0          0          0        100   _rserrno.o
        10          0          0          0          0         68   _sputc.o
       228          6        148          0          0         96   bigflt0.o
      1910        128          0          0          0        672   btod.o
        12          0          0          0          0         72   exit.o
         6          0          0          0          0        152   heapauxi.o
         0          0          0          0          0          0   indicate_semi.o
        44         10         28          0          0         76   lc_numeric_c.o
         2          0          0          0          0          0   libinit.o
        18          0          0          0          0          0   libinit2.o
         2          0          0          0          0          0   libshutdown.o
         2          0          0          0          0          0   libshutdown2.o
         8          4          0          0         96         68   libspace.o
       138          0          0          0          0         80   lludiv10.o
       238          0          0          0          0        100   lludivv7m.o
        40          6          0          0          0         84   noretval__2sprintf.o
         8          4          0          0          0         68   rt_errno_addr_intlibspace.o
         8          4          0          0          0         68   rt_locale_intlibspace.o
         0          0          0          0          0          0   rtentry.o
        12          0          0          0          0          0   rtentry2.o
         6          0          0          0          0          0   rtentry4.o
         2          0          0          0          0          0   rtexit.o
        10          0          0          0          0          0   rtexit2.o
       128          0          0          0          0         68   strcmpv7m.o
        12          4          0          0          0         68   sys_exit.o
        74          0          0          0          0         80   sys_stackheap_outer.o
         2          0          0          0          0         68   use_no_semi.o
        98          4          0          0          0         92   d2f.o
       826         16          0          0          0        348   daddsub_clz.o
        16          4          0          0          0         68   dcheck1.o
       688        140          0          0          0        208   ddiv.o
        94          4          0          0          0         92   dfix.o
        90          4          0          0          0         92   dfixu.o
        84          0          0          0          0        136   dflt_clz.o
       340         12          0          0          0        104   dmul.o
       156          4          0          0          0         92   dnaninf.o
        12          0          0          0          0         68   dretinf.o
        86          4          0          0          0         84   f2d.o
        24          0          0          0          0         68   fcmpi.o
       104          4          0          0          0         84   feqf.o
        86          0          0          0          0        136   fflt_clz.o
       104          4          0          0          0         84   fleqf.o
       140          4          0          0          0         84   fnaninf.o
        10          0          0          0          0         68   fretinf.o
        98          0          0          0          0         68   frleqf.o
         4          0          0          0          0         68   printf1.o
       100          0          0          0          0         68   retnan.o
        92          0          0          0          0         68   scalbn.o
        48          0          0          0          0         68   trapv.o
         0          0          0          0          0          0   usenofp.o
       252         22         48          0          0        124   cos_i.o
        16          6          0          0          0         68   dunder.o
        40          0          0          0          0         68   fpclassify.o
       170          0          0          0          0         96   poly.o
       904         72        200          0          0        140   rred.o
       176         10          0          0          0        116   sin.o
       236         12         40          0          0        128   sin_i.o

    ----------------------------------------------------------------------
     10104        540        464          0         96       5884   Library Totals
        36          0          0          0          0          0   (incl. Padding)

    ----------------------------------------------------------------------

      Code (inc. data)   RO Data    RW Data    ZI Data      Debug   Library Name

      4974        214        176          0         96       2896   c_w.l
      3300        204          0          0          0       2248   fz_ws.l
      1794        122        288          0          0        740   m_ws.l

    ----------------------------------------------------------------------
     10104        540        464          0         96       5884   Library Totals

    ----------------------------------------------------------------------

==============================================================================


      Code (inc. data)   RO Data    RW Data    ZI Data      Debug   

     21152       2052       8120         96        704     123332   Grand Totals
     21152       2052       8120         96        704     123332   ELF Image Totals
     21152       2052       8120         96          0          0   ROM Totals

==============================================================================

    Total RO  Size (Code + RO Data)                29272 (  28.59kB)
    Total RW  Size (RW Data + ZI Data)               800 (   0.78kB)
    Total ROM Size (Code + RO Data + RW Data)      29368 (  28.68kB)

==============================================================================

