<html>
<body>
<pre>
<h1>µVision Build Log</h1>
<h2>Project:</h2>
C:\Users\Cesar\OneDrive\Documentos\Escritorio\Nuevas pruebas_2_2_2\SED\Nuevas pruebas_2_1\Nuevas pruebas_2_1\Nuevas pruebas\nuevas_pruebas.uvproj
Project File Date:  08/12/2020

<h2>Output:</h2>
Load "C:\\Users\\Cesar\\OneDrive\\Documentos\\Escritorio\\Nuevas pruebas_2_2_2\\SED\\Nuevas pruebas_2_1\\Nuevas pruebas_2_1\\Nuevas pruebas\\nuevas_pruebas.axf" 
Erase Done.
Programming Done.
Verify OK.
Rebuild target 'miniDK2'
assembling startup_LPC17xx.s...
compiling system_LPC17xx.c...
compiling main.c...
main.c(95): warning:  #223-D: function "uart0_init" declared implicitly
main.c(403): warning:  #223-D: function "tx_cadena_UART0" declared implicitly
main.c(406): warning:  #223-D: function "strcmp" declared implicitly
main.c(516): warning:  #223-D: function "tx_cadena_UART0" declared implicitly
main.c(519): warning:  #223-D: function "strcmp" declared implicitly
main.c(547): warning:  #223-D: function "tx_cadena_UART0" declared implicitly
main.c(554): warning:  #223-D: function "strcmp" declared implicitly
main.c(580): warning:  #223-D: function "tx_cadena_UART0" declared implicitly
main.c(606): warning:  #223-D: function "tx_cadena_UART0" declared implicitly
main.c(611): warning:  #223-D: function "strcmp" declared implicitly
main.c(640): warning:  #223-D: function "tx_cadena_UART0" declared implicitly
main.c(681): warning:  #223-D: function "tx_cadena_UART0" declared implicitly
main.c(688): warning:  #223-D: function "strcmp" declared implicitly
main.c(708): warning:  #223-D: function "tx_cadena_UART0" declared implicitly
main.c(742): warning:  #223-D: function "tx_cadena_UART0" declared implicitly
compiling i2c_lpc17xx.c...
compiling configuraciones.c...
configuraciones.c(72): warning:  #223-D: function "I2CSendAddr" declared implicitly
configuraciones.c(73): warning:  #223-D: function "I2CSendByte" declared implicitly
configuraciones.c(75): warning:  #223-D: function "I2CSendStop" declared implicitly
configuraciones.c(77): warning:  #223-D: function "I2Cdelay" declared implicitly
compiling funciones.c...
funciones.c(35): warning:  #223-D: function "I2CSendAddr" declared implicitly
funciones.c(36): warning:  #223-D: function "I2CSendByte" declared implicitly
funciones.c(37): warning:  #223-D: function "I2CSendStop" declared implicitly
funciones.c(43): warning:  #223-D: function "I2CGetByte" declared implicitly
compiling interrupciones.c...
interrupciones.c(200): warning:  #1-D: last line of file ends without a newline
compiling uart.c...
compiling font.c...
compiling lcddriver.c...
compiling lpc17xx_clkpwr.c...
compiling lpc17xx_gpio.c...
linking...
Program Size: Code=23400 RO-data=8544 RW-data=108 ZI-data=1772  
".\nuevas_pruebas.axf" - 0 Errors, 24 Warning(s).
Load "C:\\Users\\Cesar\\OneDrive\\Documentos\\Escritorio\\Nuevas pruebas_2_2_2\\SED\\Nuevas pruebas_2_1\\Nuevas pruebas_2_1\\Nuevas pruebas\\nuevas_pruebas.axf" 
Erase Done.
Programming Done.
Verify OK.
Build target 'miniDK2'
compiling main.c...
main.c(95): warning:  #223-D: function "uart0_init" declared implicitly
main.c(403): warning:  #223-D: function "tx_cadena_UART0" declared implicitly
main.c(406): warning:  #223-D: function "strcmp" declared implicitly
main.c(516): warning:  #223-D: function "tx_cadena_UART0" declared implicitly
main.c(519): warning:  #223-D: function "strcmp" declared implicitly
main.c(547): warning:  #223-D: function "tx_cadena_UART0" declared implicitly
main.c(554): warning:  #223-D: function "strcmp" declared implicitly
main.c(580): warning:  #223-D: function "tx_cadena_UART0" declared implicitly
main.c(606): warning:  #223-D: function "tx_cadena_UART0" declared implicitly
main.c(611): warning:  #223-D: function "strcmp" declared implicitly
main.c(640): warning:  #223-D: function "tx_cadena_UART0" declared implicitly
main.c(681): warning:  #223-D: function "tx_cadena_UART0" declared implicitly
main.c(688): warning:  #223-D: function "strcmp" declared implicitly
main.c(708): warning:  #223-D: function "tx_cadena_UART0" declared implicitly
main.c(742): warning:  #223-D: function "tx_cadena_UART0" declared implicitly
linking...
Program Size: Code=23308 RO-data=8540 RW-data=108 ZI-data=1772  
".\nuevas_pruebas.axf" - 0 Errors, 15 Warning(s).
Load "C:\\Users\\Cesar\\OneDrive\\Documentos\\Escritorio\\Nuevas pruebas_2_2_2\\SED\\Nuevas pruebas_2_1\\Nuevas pruebas_2_1\\Nuevas pruebas\\nuevas_pruebas.axf" 
Erase Done.
Programming Done.
Verify OK.
Build target 'miniDK2'
compiling main.c...
main.c(95): warning:  #223-D: function "uart0_init" declared implicitly
main.c(403): warning:  #223-D: function "tx_cadena_UART0" declared implicitly
main.c(406): warning:  #223-D: function "strcmp" declared implicitly
main.c(516): warning:  #223-D: function "tx_cadena_UART0" declared implicitly
main.c(519): warning:  #223-D: function "strcmp" declared implicitly
main.c(547): warning:  #223-D: function "tx_cadena_UART0" declared implicitly
main.c(554): warning:  #223-D: function "strcmp" declared implicitly
main.c(580): warning:  #223-D: function "tx_cadena_UART0" declared implicitly
main.c(606): warning:  #223-D: function "tx_cadena_UART0" declared implicitly
main.c(611): warning:  #223-D: function "strcmp" declared implicitly
main.c(640): warning:  #223-D: function "tx_cadena_UART0" declared implicitly
main.c(681): warning:  #223-D: function "tx_cadena_UART0" declared implicitly
main.c(688): warning:  #223-D: function "strcmp" declared implicitly
main.c(703): warning:  #223-D: function "tx_cadena_UART0" declared implicitly
main.c(737): warning:  #223-D: function "tx_cadena_UART0" declared implicitly
linking...
Program Size: Code=23300 RO-data=8540 RW-data=108 ZI-data=1772  
".\nuevas_pruebas.axf" - 0 Errors, 15 Warning(s).
Load "C:\\Users\\Cesar\\OneDrive\\Documentos\\Escritorio\\Nuevas pruebas_2_2_2\\SED\\Nuevas pruebas_2_1\\Nuevas pruebas_2_1\\Nuevas pruebas\\nuevas_pruebas.axf" 
Erase Done.
Programming Done.
Verify OK.
Build target 'miniDK2'
compiling configuraciones.c...
configuraciones.c(96): warning:  #223-D: function "I2CSendAddr" declared implicitly
configuraciones.c(97): warning:  #223-D: function "I2CSendByte" declared implicitly
configuraciones.c(99): warning:  #223-D: function "I2CSendStop" declared implicitly
configuraciones.c(101): warning:  #223-D: function "I2Cdelay" declared implicitly
compiling funciones.c...
funciones.c(35): warning:  #223-D: function "I2CSendAddr" declared implicitly
funciones.c(36): warning:  #223-D: function "I2CSendByte" declared implicitly
funciones.c(37): warning:  #223-D: function "I2CSendStop" declared implicitly
funciones.c(43): warning:  #223-D: function "I2CGetByte" declared implicitly
linking...
Program Size: Code=23308 RO-data=8540 RW-data=108 ZI-data=1772  
".\nuevas_pruebas.axf" - 0 Errors, 8 Warning(s).
Build target 'miniDK2'
compiling main.c...
funciones.h(37): error:  #147: declaration is incompatible with "char buffer[30]" (declared at line 25 of "uart.h")
funciones.h(42): error:  #147: declaration is incompatible with "char rx_completa" (declared at line 27 of "uart.h")
main.c(406): warning:  #223-D: function "strcmp" declared implicitly
main.c(519): warning:  #223-D: function "strcmp" declared implicitly
main.c(554): warning:  #223-D: function "strcmp" declared implicitly
main.c(611): warning:  #223-D: function "strcmp" declared implicitly
main.c(688): warning:  #223-D: function "strcmp" declared implicitly
compiling funciones.c...
funciones.h(37): error:  #147: declaration is incompatible with "char buffer[30]" (declared at line 25 of "uart.h")
funciones.h(42): error:  #147: declaration is incompatible with "char rx_completa" (declared at line 27 of "uart.h")
funciones.c(35): warning:  #223-D: function "I2CSendAddr" declared implicitly
funciones.c(36): warning:  #223-D: function "I2CSendByte" declared implicitly
funciones.c(37): warning:  #223-D: function "I2CSendStop" declared implicitly
funciones.c(43): warning:  #223-D: function "I2CGetByte" declared implicitly
compiling interrupciones.c...
interrupciones.c(182): warning:  #1-D: last line of file ends without a newline
".\nuevas_pruebas.axf" - 4 Errors, 10 Warning(s).
Target not created
Build target 'miniDK2'
compiling main.c...
interrupciones.h(54): error:  #147: declaration is incompatible with "char buffer[30]" (declared at line 25 of "uart.h")
interrupciones.h(60): error:  #147: declaration is incompatible with "char rx_completa" (declared at line 27 of "uart.h")
main.c(406): warning:  #223-D: function "strcmp" declared implicitly
main.c(519): warning:  #223-D: function "strcmp" declared implicitly
main.c(554): warning:  #223-D: function "strcmp" declared implicitly
main.c(611): warning:  #223-D: function "strcmp" declared implicitly
main.c(688): warning:  #223-D: function "strcmp" declared implicitly
compiling funciones.c...
funciones.c(35): warning:  #223-D: function "I2CSendAddr" declared implicitly
funciones.c(36): warning:  #223-D: function "I2CSendByte" declared implicitly
funciones.c(37): warning:  #223-D: function "I2CSendStop" declared implicitly
funciones.c(43): warning:  #223-D: function "I2CGetByte" declared implicitly
".\nuevas_pruebas.axf" - 2 Errors, 9 Warning(s).
Target not created
Build target 'miniDK2'
compiling main.c...
main.c(58): error:  #147: declaration is incompatible with "char buffer[30]" (declared at line 25 of "uart.h")
main.c(65): error:  #147: declaration is incompatible with "char rx_completa" (declared at line 27 of "uart.h")
main.c(406): warning:  #223-D: function "strcmp" declared implicitly
main.c(519): warning:  #223-D: function "strcmp" declared implicitly
main.c(554): warning:  #223-D: function "strcmp" declared implicitly
main.c(611): warning:  #223-D: function "strcmp" declared implicitly
main.c(688): warning:  #223-D: function "strcmp" declared implicitly
compiling interrupciones.c...
interrupciones.c(118): error:  #20: identifier "linea2" is undefined
interrupciones.c(125): error:  #20: identifier "linea1" is undefined
interrupciones.c(126): error:  #20: identifier "linea2" is undefined
interrupciones.c(127): error:  #20: identifier "linea3" is undefined
interrupciones.c(128): error:  #20: identifier "linea4" is undefined
interrupciones.c(182): warning:  #1-D: last line of file ends without a newline
".\nuevas_pruebas.axf" - 7 Errors, 6 Warning(s).
Target not created
Build target 'miniDK2'
compiling main.c...
main.c(402): warning:  #223-D: function "strcmp" declared implicitly
main.c(515): warning:  #223-D: function "strcmp" declared implicitly
main.c(550): warning:  #223-D: function "strcmp" declared implicitly
main.c(607): warning:  #223-D: function "strcmp" declared implicitly
main.c(684): warning:  #223-D: function "strcmp" declared implicitly
main.c(711): error:  #20: identifier "buffer_umbral" is undefined
main.c(720): error:  #20: identifier "buffer_umbral" is undefined
compiling interrupciones.c...
interrupciones.c(118): error:  #20: identifier "linea2" is undefined
interrupciones.c(125): error:  #20: identifier "linea1" is undefined
interrupciones.c(126): error:  #20: identifier "linea2" is undefined
interrupciones.c(127): error:  #20: identifier "linea3" is undefined
interrupciones.c(128): error:  #20: identifier "linea4" is undefined
interrupciones.c(182): warning:  #1-D: last line of file ends without a newline
".\nuevas_pruebas.axf" - 7 Errors, 6 Warning(s).
Target not created
Build target 'miniDK2'
compiling main.c...
main.c(402): warning:  #223-D: function "strcmp" declared implicitly
main.c(515): warning:  #223-D: function "strcmp" declared implicitly
main.c(550): warning:  #223-D: function "strcmp" declared implicitly
main.c(607): warning:  #223-D: function "strcmp" declared implicitly
main.c(684): warning:  #223-D: function "strcmp" declared implicitly
main.c(711): error:  #20: identifier "buffer_umbral" is undefined
main.c(720): error:  #20: identifier "buffer_umbral" is undefined
compiling interrupciones.c...
interrupciones.c(11): error:  #20: identifier "FLAG_ISP" is undefined
interrupciones.c(21): error:  #20: identifier "FLAG_KEY1" is undefined
interrupciones.c(23): error:  #20: identifier "grados" is undefined
interrupciones.c(30): error:  #20: identifier "FLAG_KEY2" is undefined
interrupciones.c(32): error:  #20: identifier "grados" is undefined
interrupciones.c(40): error:  #20: identifier "FLAG_TIMER0" is undefined
interrupciones.c(42): error:  #20: identifier "prueba" is undefined
interrupciones.c(45): error:  #20: identifier "mode" is undefined
interrupciones.c(45): error:  #20: identifier "FLAG_ISP" is undefined
interrupciones.c(48): error:  #20: identifier "disparo" is undefined
interrupciones.c(51): error:  #20: identifier "grados" is undefined
interrupciones.c(65): error:  #20: identifier "distancia" is undefined
interrupciones.c(65): error:  #20: identifier "umbral" is undefined
interrupciones.c(67): error:  #20: identifier "frecuencia" is undefined
interrupciones.c(68): error:  #20: identifier "DAC_ON" is undefined
interrupciones.c(75): error:  #20: identifier "DAC_ON" is undefined
interrupciones.c(90): error:  #20: identifier "FLAG_TIMER1" is undefined
interrupciones.c(93): error:  #20: identifier "muestras" is undefined
interrupciones.c(99): error:  #20: identifier "FLAG_TIMER2" is undefined
interrupciones.c(109): error:  #20: identifier "FLAG_TIMER3" is undefined
interrupciones.c(114): error:  #20: identifier "distancia" is undefined
interrupciones.c(114): error:  #20: identifier "temperatura_global" is undefined
interrupciones.c(124): error:  #20: identifier "temperatura_global" is undefined
".\nuevas_pruebas.axf" - 25 Errors, 5 Warning(s).
Target not created
Build target 'miniDK2'
compiling main.c...
main.c(402): warning:  #223-D: function "strcmp" declared implicitly
main.c(515): warning:  #223-D: function "strcmp" declared implicitly
main.c(550): warning:  #223-D: function "strcmp" declared implicitly
main.c(607): warning:  #223-D: function "strcmp" declared implicitly
main.c(684): warning:  #223-D: function "strcmp" declared implicitly
main.c(711): error:  #20: identifier "buffer_umbral" is undefined
main.c(720): error:  #20: identifier "buffer_umbral" is undefined
compiling interrupciones.c...
interrupciones.c(11): error:  #20: identifier "FLAG_ISP" is undefined
interrupciones.c(21): error:  #20: identifier "FLAG_KEY1" is undefined
interrupciones.c(30): error:  #20: identifier "FLAG_KEY2" is undefined
interrupciones.c(40): error:  #20: identifier "FLAG_TIMER0" is undefined
interrupciones.c(42): error:  #20: identifier "prueba" is undefined
interrupciones.c(45): error:  #20: identifier "FLAG_ISP" is undefined
interrupciones.c(48): error:  #20: identifier "disparo" is undefined
interrupciones.c(65): error:  #20: identifier "umbral" is undefined
interrupciones.c(67): error:  #20: identifier "frecuencia" is undefined
interrupciones.c(68): error:  #20: identifier "DAC_ON" is undefined
interrupciones.c(75): error:  #20: identifier "DAC_ON" is undefined
interrupciones.c(90): error:  #20: identifier "FLAG_TIMER1" is undefined
interrupciones.c(93): error:  #20: identifier "muestras" is undefined
interrupciones.c(99): error:  #20: identifier "FLAG_TIMER2" is undefined
interrupciones.c(109): error:  #20: identifier "FLAG_TIMER3" is undefined
".\nuevas_pruebas.axf" - 17 Errors, 5 Warning(s).
Target not created
Build target 'miniDK2'
compiling main.c...
main.c(402): warning:  #223-D: function "strcmp" declared implicitly
main.c(515): warning:  #223-D: function "strcmp" declared implicitly
main.c(550): warning:  #223-D: function "strcmp" declared implicitly
main.c(607): warning:  #223-D: function "strcmp" declared implicitly
main.c(684): warning:  #223-D: function "strcmp" declared implicitly
main.c(711): error:  #20: identifier "buffer_umbral" is undefined
main.c(720): error:  #20: identifier "buffer_umbral" is undefined
compiling interrupciones.c...
".\nuevas_pruebas.axf" - 2 Errors, 5 Warning(s).
Target not created
Build target 'miniDK2'
compiling main.c...
main.c(402): warning:  #223-D: function "strcmp" declared implicitly
main.c(515): warning:  #223-D: function "strcmp" declared implicitly
main.c(550): warning:  #223-D: function "strcmp" declared implicitly
main.c(607): warning:  #223-D: function "strcmp" declared implicitly
main.c(684): warning:  #223-D: function "strcmp" declared implicitly
main.c(711): error:  #20: identifier "buffer_umbral" is undefined
main.c(720): error:  #20: identifier "buffer_umbral" is undefined
compiling interrupciones.c...
".\nuevas_pruebas.axf" - 2 Errors, 5 Warning(s).
Target not created
